Component: ARM Compiler 5.05 update 1 (build 106) Tool: armlink [4d0efa]

==============================================================================

Section Cross References

    main.o(.text) refers to delay.o(.text) for delay_init
    main.o(.text) refers to misc.o(.text) for NVIC_PriorityGroupConfig
    main.o(.text) refers to usart.o(.text) for uart_init
    main.o(.text) refers to led.o(.text) for LED_Init
    main.o(.text) refers to lcd.o(.text) for LCD_Init
    main.o(.text) refers to adc.o(.text) for Adc_Init
    main.o(.text) refers to rtc.o(.text) for RTC_Init
    main.o(.text) refers to ds18b20.o(.text) for DS18B20_Init
    main.o(.text) refers to fflt_clz.o(x$fpl$ffltu) for __aeabi_ui2f
    main.o(.text) refers to f2d.o(x$fpl$f2d) for __aeabi_f2d
    main.o(.text) refers to dmul.o(x$fpl$dmul) for __aeabi_dmul
    main.o(.text) refers to d2f.o(x$fpl$d2f) for __aeabi_d2f
    main.o(.text) refers to ffixu.o(x$fpl$ffixu) for __aeabi_f2uiz
    main.o(.text) refers to faddsub_clz.o(x$fpl$frsb) for __aeabi_frsub
    main.o(.text) refers to fmul.o(x$fpl$fmul) for __aeabi_fmul
    main.o(.text) refers to stm32f10x_rtc.o(.text) for RTC_GetCounter
    main.o(.text) refers to system_stm32f10x.o(.data) for SystemCoreClock
    main.o(.text) refers to usmart_config.o(.data) for usmart_dev
    main.o(.text) refers to lcd.o(.data) for POINT_COLOR
    main.o(.text) refers to rtc.o(.bss) for calendar
    system_stm32f10x.o(.text) refers to system_stm32f10x.o(.data) for SystemCoreClock
    led.o(.text) refers to stm32f10x_rcc.o(.text) for RCC_APB2PeriphClockCmd
    led.o(.text) refers to stm32f10x_gpio.o(.text) for GPIO_Init
    key.o(.text) refers to stm32f10x_rcc.o(.text) for RCC_APB2PeriphClockCmd
    key.o(.text) refers to stm32f10x_gpio.o(.text) for GPIO_Init
    key.o(.text) refers to delay.o(.text) for delay_ms
    key.o(.text) refers to key.o(.data) for key_up
    lcd.o(.text) refers to _printf_percent.o(.ARM.Collect$$_printf_percent$$00000000) for _printf_percent
    lcd.o(.text) refers to _printf_x.o(.ARM.Collect$$_printf_percent$$0000000C) for _printf_x
    lcd.o(.text) refers to _printf_hex_int.o(.text) for _printf_longlong_hex
    lcd.o(.text) refers to delay.o(.text) for delay_us
    lcd.o(.text) refers to lcd.o(.bss) for lcddev
    lcd.o(.text) refers to lcd.o(.data) for POINT_COLOR
    lcd.o(.text) refers to dflt_clz.o(x$fpl$dfltu) for __aeabi_ui2d
    lcd.o(.text) refers to dmul.o(x$fpl$dmul) for __aeabi_dmul
    lcd.o(.text) refers to dfixu.o(x$fpl$dfixu) for __aeabi_d2uiz
    lcd.o(.text) refers to stm32f10x_rcc.o(.text) for RCC_AHBPeriphClockCmd
    lcd.o(.text) refers to stm32f10x_gpio.o(.text) for GPIO_Init
    lcd.o(.text) refers to stm32f10x_fsmc.o(.text) for FSMC_NORSRAMInit
    lcd.o(.text) refers to noretval__2printf.o(.text) for __2printf
    lcd.o(.text) refers to lcd.o(.constdata) for asc2_1206
    rtc.o(.text) refers to _printf_percent.o(.ARM.Collect$$_printf_percent$$00000000) for _printf_percent
    rtc.o(.text) refers to _printf_d.o(.ARM.Collect$$_printf_percent$$00000009) for _printf_d
    rtc.o(.text) refers to _printf_dec.o(.text) for _printf_int_dec
    rtc.o(.text) refers to misc.o(.text) for NVIC_Init
    rtc.o(.text) refers to stm32f10x_rtc.o(.text) for RTC_GetCounter
    rtc.o(.text) refers to stm32f10x_rcc.o(.text) for RCC_APB1PeriphClockCmd
    rtc.o(.text) refers to stm32f10x_pwr.o(.text) for PWR_BackupAccessCmd
    rtc.o(.text) refers to stm32f10x_bkp.o(.text) for BKP_ReadBackupRegister
    rtc.o(.text) refers to delay.o(.text) for delay_ms
    rtc.o(.text) refers to noretval__2printf.o(.text) for __2printf
    rtc.o(.text) refers to rtc.o(.constdata) for table_week
    rtc.o(.text) refers to rtc.o(.data) for daycnt
    rtc.o(.text) refers to rtc.o(.bss) for calendar
    adc.o(.text) refers to stm32f10x_rcc.o(.text) for RCC_APB2PeriphClockCmd
    adc.o(.text) refers to stm32f10x_gpio.o(.text) for GPIO_Init
    adc.o(.text) refers to stm32f10x_adc.o(.text) for ADC_DeInit
    adc.o(.text) refers to delay.o(.text) for delay_ms
    ds18b20.o(.text) refers to delay.o(.text) for delay_us
    ds18b20.o(.text) refers to stm32f10x_rcc.o(.text) for RCC_APB2PeriphClockCmd
    ds18b20.o(.text) refers to stm32f10x_gpio.o(.text) for GPIO_Init
    ds18b20.o(.text) refers to fflt_clz.o(x$fpl$fflt) for __aeabi_i2f
    ds18b20.o(.text) refers to f2d.o(x$fpl$f2d) for __aeabi_f2d
    ds18b20.o(.text) refers to dmul.o(x$fpl$dmul) for __aeabi_dmul
    ds18b20.o(.text) refers to dfix.o(x$fpl$dfix) for __aeabi_d2iz
    delay.o(.text) refers to misc.o(.text) for SysTick_CLKSourceConfig
    delay.o(.text) refers to system_stm32f10x.o(.data) for SystemCoreClock
    delay.o(.text) refers to delay.o(.data) for fac_us
    usart.o(.text) refers (Special) to use_no_semi_2.o(.text) for __use_no_semihosting
    usart.o(.text) refers to stm32f10x_rcc.o(.text) for RCC_APB2PeriphClockCmd
    usart.o(.text) refers to stm32f10x_gpio.o(.text) for GPIO_Init
[...]
    .ARM.Collect$$libinit$$00000015          0x08000208   Section        0  libinit2.o(.ARM.Collect$$libinit$$00000015)
    .ARM.Collect$$libinit$$00000017          0x08000208   Section        0  libinit2.o(.ARM.Collect$$libinit$$00000017)
    .ARM.Collect$$libinit$$00000019          0x08000208   Section        0  libinit2.o(.ARM.Collect$$libinit$$00000019)
    .ARM.Collect$$libinit$$0000001B          0x08000208   Section        0  libinit2.o(.ARM.Collect$$libinit$$0000001B)
    .ARM.Collect$$libinit$$0000001D          0x08000208   Section        0  libinit2.o(.ARM.Collect$$libinit$$0000001D)
    .ARM.Collect$$libinit$$0000001F          0x08000208   Section        0  libinit2.o(.ARM.Collect$$libinit$$0000001F)
    .ARM.Collect$$libinit$$00000021          0x08000208   Section        0  libinit2.o(.ARM.Collect$$libinit$$00000021)
    .ARM.Collect$$libinit$$00000023          0x08000208   Section        0  libinit2.o(.ARM.Collect$$libinit$$00000023)
    .ARM.Collect$$libinit$$00000025          0x08000208   Section        0  libinit2.o(.ARM.Collect$$libinit$$00000025)
    .ARM.Collect$$libinit$$0000002C          0x08000208   Section        0  libinit2.o(.ARM.Collect$$libinit$$0000002C)
    .ARM.Collect$$libinit$$0000002E          0x08000208   Section        0  libinit2.o(.ARM.Collect$$libinit$$0000002E)
    .ARM.Collect$$libinit$$00000030          0x08000208   Section        0  libinit2.o(.ARM.Collect$$libinit$$00000030)
    .ARM.Collect$$libinit$$00000032          0x08000208   Section        0  libinit2.o(.ARM.Collect$$libinit$$00000032)
    .ARM.Collect$$libinit$$00000033          0x08000208   Section        2  libinit2.o(.ARM.Collect$$libinit$$00000033)
    .ARM.Collect$$libshutdown$$00000000      0x0800020a   Section        2  libshutdown.o(.ARM.Collect$$libshutdown$$00000000)
    .ARM.Collect$$libshutdown$$00000003      0x0800020c   Section        0  libshutdown2.o(.ARM.Collect$$libshutdown$$00000003)
    .ARM.Collect$$libshutdown$$00000006      0x0800020c   Section        0  libshutdown2.o(.ARM.Collect$$libshutdown$$00000006)
    .ARM.Collect$$libshutdown$$00000009      0x0800020c   Section        0  libshutdown2.o(.ARM.Collect$$libshutdown$$00000009)
    .ARM.Collect$$libshutdown$$0000000B      0x0800020c   Section        0  libshutdown2.o(.ARM.Collect$$libshutdown$$0000000B)
    .ARM.Collect$$libshutdown$$0000000E      0x0800020c   Section        0  libshutdown2.o(.ARM.Collect$$libshutdown$$0000000E)
    .ARM.Collect$$libshutdown$$0000000F      0x0800020c   Section        2  libshutdown2.o(.ARM.Collect$$libshutdown$$0000000F)
    .ARM.Collect$$rtentry$$00000000          0x0800020e   Section        0  __rtentry.o(.ARM.Collect$$rtentry$$00000000)
    .ARM.Collect$$rtentry$$00000002          0x0800020e   Section        0  __rtentry2.o(.ARM.Collect$$rtentry$$00000002)
    .ARM.Collect$$rtentry$$00000004          0x0800020e   Section        6  __rtentry4.o(.ARM.Collect$$rtentry$$00000004)
    .ARM.Collect$$rtentry$$00000009          0x08000214   Section        0  __rtentry2.o(.ARM.Collect$$rtentry$$00000009)
    .ARM.Collect$$rtentry$$0000000A          0x08000214   Section        4  __rtentry2.o(.ARM.Collect$$rtentry$$0000000A)
    .ARM.Collect$$rtentry$$0000000C          0x08000218   Section        0  __rtentry2.o(.ARM.Collect$$rtentry$$0000000C)
    .ARM.Collect$$rtentry$$0000000D          0x08000218   Section        8  __rtentry2.o(.ARM.Collect$$rtentry$$0000000D)
    .ARM.Collect$$rtexit$$00000000           0x08000220   Section        2  rtexit.o(.ARM.Collect$$rtexit$$00000000)
    .ARM.Collect$$rtexit$$00000002           0x08000222   Section        0  rtexit2.o(.ARM.Collect$$rtexit$$00000002)
    .ARM.Collect$$rtexit$$00000003           0x08000222   Section        4  rtexit2.o(.ARM.Collect$$rtexit$$00000003)
    .ARM.Collect$$rtexit$$00000004           0x08000226   Section        6  rtexit2.o(.ARM.Collect$$rtexit$$00000004)
    .text                                    0x0800022c   Section        0  main.o(.text)
    .text                                    0x080006c8   Section        0  stm32f10x_it.o(.text)
    .text                                    0x080006e4   Section        0  system_stm32f10x.o(.text)
    SetSysClockTo72                          0x080006e5   Thumb Code   214  system_stm32f10x.o(.text)
    SetSysClock                              0x080007bb   Thumb Code     8  system_stm32f10x.o(.text)
    .text                                    0x080008c4   Section        0  led.o(.text)
    .text                                    0x08000910   Section        0  lcd.o(.text)
    .text                                    0x0800536c   Section        0  rtc.o(.text)
    RTC_NVIC_Config                          0x0800536d   Thumb Code    32  rtc.o(.text)
    .text                                    0x080057e4   Section        0  adc.o(.text)
    .text                                    0x080058d4   Section        0  ds18b20.o(.text)
    .text                                    0x08005b3c   Section        0  delay.o(.text)
    .text                                    0x08005c10   Section        0  usart.o(.text)
    .text                                    0x08005d50   Section       64  startup_stm32f10x_hd.o(.text)
    .text                                    0x08005d90   Section        0  misc.o(.text)
    .text                                    0x08005e6c   Section        0  stm32f10x_bkp.o(.text)
    .text                                    0x08005f30   Section        0  stm32f10x_fsmc.o(.text)
    .text                                    0x0800653c   Section        0  stm32f10x_gpio.o(.text)
    .text                                    0x08006898   Section        0  stm32f10x_pwr.o(.text)
    .text                                    0x08006964   Section        0  stm32f10x_rcc.o(.text)
    .text                                    0x08006d08   Section        0  stm32f10x_usart.o(.text)
    .text                                    0x08007110   Section        0  stm32f10x_rtc.o(.text)
    .text                                    0x08007258   Section        0  stm32f10x_tim.o(.text)
    TI4_Config                               0x080076ff   Thumb Code   130  stm32f10x_tim.o(.text)
    TI3_Config                               0x08007793   Thumb Code   122  stm32f10x_tim.o(.text)
    TI2_Config                               0x08007827   Thumb Code   130  stm32f10x_tim.o(.text)
    TI1_Config                               0x080078bb   Thumb Code   108  stm32f10x_tim.o(.text)
    .text                                    0x08008074   Section        0  stm32f10x_adc.o(.text)
    .text                                    0x080084c4   Section        0  usmart.o(.text)
    .text                                    0x080090fc   Section        0  usmart_str.o(.text)
    .text                                    0x08009624   Section        2  use_no_semi_2.o(.text)
    .text                                    0x08009628   Section        0  noretval__2printf.o(.text)
    .text                                    0x08009640   Section        0  _printf_pad.o(.text)
    .text                                    0x0800968e   Section        0  _printf_str.o(.text)
    .text                                    0x080096e0   Section        0  _printf_dec.o(.text)
    .text                                    0x08009758   Section        0  _printf_hex_int.o(.text)
    .text                                    0x080097b0   Section        0  __printf_flags_ss_wp.o(.text)
    .text                                    0x08009938   Section        0  heapauxi.o(.text)
    .text                                    0x0800993e   Section        2  use_no_semi.o(.text)
    .text                                    0x08009940   Section        0  _printf_intcommon.o(.text)
    .text                                    0x080099f2   Section        0  _printf_char.o(.text)
    .text                                    0x08009a20   Section        0  _printf_char_file.o(.text)
    .text                                    0x08009a44   Section        0  _printf_char_common.o(.text)
    _printf_input_char                       0x08009a45   Thumb Code    10  _printf_char_common.o(.text)
    .text                                    0x08009a74   Section        0  ferror.o(.text)
    .text                                    0x08009a7c   Section       74  sys_stackheap_outer.o(.text)
    .text                                    0x08009ac6   Section        0  exit.o(.text)
    .text                                    0x08009ad4   Section        8  libspace.o(.text)
    i._is_digit                              0x08009adc   Section        0  __printf_wp.o(i._is_digit)
    x$fpl$d2f                                0x08009aec   Section       98  d2f.o(x$fpl$d2f)
    x$fpl$dfix                               0x08009b50   Section       94  dfix.o(x$fpl$dfix)
    x$fpl$dfixu                              0x08009bb0   Section       90  dfixu.o(x$fpl$dfixu)
    x$fpl$dfltu                              0x08009c0a   Section       38  dflt_clz.o(x$fpl$dfltu)
    x$fpl$dmul                               0x08009c30   Section      340  dmul.o(x$fpl$dmul)
    x$fpl$dnaninf                            0x08009d84   Section      156  dnaninf.o(x$fpl$dnaninf)
    x$fpl$dretinf                            0x08009e20   Section       12  dretinf.o(x$fpl$dretinf)
    x$fpl$f2d                                0x08009e2c   Section       86  f2d.o(x$fpl$f2d)
    x$fpl$fadd                               0x08009e84   Section      196  faddsub_clz.o(x$fpl$fadd)
    _fadd1                                   0x08009e93   Thumb Code     0  faddsub_clz.o(x$fpl$fadd)
    x$fpl$ffixu                              0x08009f48   Section       62  ffixu.o(x$fpl$ffixu)
    x$fpl$fflt                               0x08009f88   Section       48  fflt_clz.o(x$fpl$fflt)
    x$fpl$ffltu                              0x08009fb8   Section       38  fflt_clz.o(x$fpl$ffltu)
    x$fpl$fmul                               0x08009fe0   Section      258  fmul.o(x$fpl$fmul)
    x$fpl$fnaninf                            0x0800a0e2   Section      140  fnaninf.o(x$fpl$fnaninf)
    x$fpl$fretinf                            0x0800a16e   Section       10  fretinf.o(x$fpl$fretinf)
    x$fpl$frsb                               0x0800a178   Section       20  faddsub_clz.o(x$fpl$frsb)
    x$fpl$fsub                               0x0800a18c   Section      234  faddsub_clz.o(x$fpl$fsub)
    _fsub1                                   0x0800a19b   Thumb Code     0  faddsub_clz.o(x$fpl$fsub)
    .constdata                               0x0800a276   Section     6080  lcd.o(.constdata)
    x$fpl$usenofp                            0x0800a276   Section        0  usenofp.o(x$fpl$usenofp)
    .constdata                               0x0800ba36   Section       24  rtc.o(.constdata)
    .constdata                               0x0800ba4e   Section       40  _printf_hex_int.o(.constdata)
    uc_hextab                                0x0800ba4e   Data          20  _printf_hex_int.o(.constdata)
    lc_hextab                                0x0800ba62   Data          20  _printf_hex_int.o(.constdata)
    .constdata                               0x0800ba76   Section       17  __printf_flags_ss_wp.o(.constdata)
    maptable                                 0x0800ba76   Data          17  __printf_flags_ss_wp.o(.constdata)
    .conststring                             0x0800ba88   Section       40  usmart.o(.conststring)
    .conststring                             0x0800bab0   Section      167  usmart_config.o(.conststring)
    .data                                    0x20000000   Section       20  system_stm32f10x.o(.data)
    .data                                    0x20000014   Section        4  lcd.o(.data)
    .data                                    0x20000018   Section        2  rtc.o(.data)
    daycnt                                   0x20000018   Data           2  rtc.o(.data)
    .data                                    0x2000001a   Section        4  delay.o(.data)
    fac_us                                   0x2000001a   Data           1  delay.o(.data)
    fac_ms                                   0x2000001c   Data           2  delay.o(.data)
    .data                                    0x20000020   Section        6  usart.o(.data)
    .data                                    0x20000026   Section       20  stm32f10x_rcc.o(.data)
    APBAHBPrescTable                         0x20000026   Data          16  stm32f10x_rcc.o(.data)
    ADCPrescTable                            0x20000036   Data           4  stm32f10x_rcc.o(.data)
    .data                                    0x2000003c   Section       28  usmart.o(.data)
    .data                                    0x20000058   Section      284  usmart_config.o(.data)
    .bss                                     0x20000174   Section       14  lcd.o(.bss)
    .bss                                     0x20000182   Section       10  rtc.o(.bss)
    .bss                                     0x2000018c   Section      200  usart.o(.bss)
    .bss                                     0x20000254   Section       96  libspace.o(.bss)
    HEAP                                     0x200002b8   Section      512  startup_stm32f10x_hd.o(HEAP)
    Heap_Mem                                 0x200002b8   Data         512  startup_stm32f10x_hd.o(HEAP)
    STACK                                    0x200004b8   Section     1024  startup_stm32f10x_hd.o(STACK)
    Stack_Mem                                0x200004b8   Data        1024  startup_stm32f10x_hd.o(STACK)
    __initial_sp                             0x200008b8   Data           0  startup_stm32f10x_hd.o(STACK)

    Global Symbols

    Symbol Name                              Value     Ov Type        Size  Object(Section)

    BuildAttributes$$THM_ISAv4$P$D$K$B$S$PE$A:L22UL41UL21$X:L11$S22US41US21$IEEE1$IW$USESV6$~STKCKD$USESV7$~SHL$OSPACE$ROPI$EBA8$UX$STANDARDLIB$REQ8$PRES8$EABIv2 0x00000000   Number         0  anon$$obj.o ABSOLUTE
    __ARM_use_no_argv                        0x00000000   Number         0  main.o ABSOLUTE
    _printf_flags                            0x00000000   Number         0  printf_stubs.o ABSOLUTE
    _printf_return_value                     0x00000000   Number         0  printf_stubs.o ABSOLUTE
    _printf_sizespec                         0x00000000   Number         0  printf_stubs.o ABSOLUTE
    _printf_widthprec                        0x00000000   Number         0  printf_stubs.o ABSOLUTE
    __ARM_exceptions_init                     - Undefined Weak Reference
    __alloca_initialize                       - Undefined Weak Reference
    __arm_preinit_                            - Undefined Weak Reference
    __cpp_initialize__aeabi_                  - Undefined Weak Reference
    __cxa_finalize                            - Undefined Weak Reference
    __rt_locale                               - Undefined Weak Reference
    __sigvec_lookup                           - Undefined Weak Reference
    _atexit_init                              - Undefined Weak Reference
    _call_atexit_fns                          - Undefined Weak Reference
    _clock_init                               - Undefined Weak Reference
    _fp_trap_init                             - Undefined Weak Reference
    _fp_trap_shutdown                         - Undefined Weak Reference
    _get_lc_collate                           - Undefined Weak Reference
    _get_lc_ctype                             - Undefined Weak Reference
    _get_lc_monetary                          - Undefined Weak Reference
    _get_lc_numeric                           - Undefined Weak Reference
    _get_lc_time                              - Undefined Weak Reference
    _getenv_init                              - Undefined Weak Reference
    _handle_redirection                       - Undefined Weak Reference
    _init_alloc                               - Undefined Weak Reference
    _init_user_alloc                          - Undefined Weak Reference
    _initio                                   - Undefined Weak Reference
    _mutex_acquire                            - Undefined Weak Reference
    _mutex_release                            - Undefined Weak Reference
    _printf_mbtowc                            - Undefined Weak Reference
    _printf_truncate_signed                   - Undefined Weak Reference
    _printf_truncate_unsigned                 - Undefined Weak Reference
    _rand_init                                - Undefined Weak Reference
    _signal_finish                            - Undefined Weak Reference
    _signal_init                              - Undefined Weak Reference
    _terminate_alloc                          - Undefined Weak Reference
    _terminate_user_alloc                     - Undefined Weak Reference
    _terminateio                              - Undefined Weak Reference
    __Vectors_Size                           0x00000130   Number         0  startup_stm32f10x_hd.o ABSOLUTE
    __Vectors                                0x08000000   Data           4  startup_stm32f10x_hd.o(RESET)
    __Vectors_End                            0x08000130   Data           0  startup_stm32f10x_hd.o(RESET)
    __main                                   0x08000131   Thumb Code     8  __main.o(!!!main)
    __scatterload                            0x08000139   Thumb Code     0  __scatter.o(!!!scatter)
    __scatterload_rt2                        0x08000139   Thumb Code    44  __scatter.o(!!!scatter)
    __scatterload_rt2_thumb_only             0x08000139   Thumb Code     0  __scatter.o(!!!scatter)
    __scatterload_null                       0x08000147   Thumb Code     0  __scatter.o(!!!scatter)
    __decompress                             0x0800016d   Thumb Code    90  __dczerorl2.o(!!dczerorl2)
    __decompress1                            0x0800016d   Thumb Code     0  __dczerorl2.o(!!dczerorl2)
    __scatterload_zeroinit                   0x080001c9   Thumb Code    28  __scatter_zi.o(!!handler_zi)
    _printf_d                                0x080001e5   Thumb Code     0  _printf_d.o(.ARM.Collect$$_printf_percent$$00000009)
    _printf_percent                          0x080001e5   Thumb Code     0  _printf_percent.o(.ARM.Collect$$_printf_percent$$00000000)
    _printf_u                                0x080001eb   Thumb Code     0  _printf_u.o(.ARM.Collect$$_printf_percent$$0000000A)
    _printf_x                                0x080001f1   Thumb Code     0  _printf_x.o(.ARM.Collect$$_printf_percent$$0000000C)
    _printf_c                                0x080001f7   Thumb Code     0  _printf_c.o(.ARM.Collect$$_printf_percent$$00000013)
    _printf_s                                0x080001fd   Thumb Code     0  _printf_s.o(.ARM.Collect$$_printf_percent$$00000014)
    _printf_percent_end                      0x08000203   Thumb Code     0  _printf_percent_end.o(.ARM.Collect$$_printf_percent$$00000017)
    __rt_lib_init                            0x08000207   Thumb Code     0  libinit.o(.ARM.Collect$$libinit$$00000000)
    __rt_lib_init_alloca_1                   0x08000209   Thumb Code     0  libinit2.o(.ARM.Collect$$libinit$$0000002E)
    __rt_lib_init_argv_1                     0x08000209   Thumb Code     0  libinit2.o(.ARM.Collect$$libinit$$0000002C)
    __rt_lib_init_atexit_1                   0x08000209   Thumb Code     0  libinit2.o(.ARM.Collect$$libinit$$0000001B)
    __rt_lib_init_clock_1                    0x08000209   Thumb Code     0  libinit2.o(.ARM.Collect$$libinit$$00000021)
    __rt_lib_init_cpp_1                      0x08000209   Thumb Code     0  libinit2.o(.ARM.Collect$$libinit$$00000032)
    __rt_lib_init_exceptions_1               0x08000209   Thumb Code     0  libinit2.o(.ARM.Collect$$libinit$$00000030)
    __rt_lib_init_fp_1                       0x08000209   Thumb Code     0  libinit2.o(.ARM.Collect$$libinit$$00000002)
    __rt_lib_init_fp_trap_1                  0x08000209   Thumb Code     0  libinit2.o(.ARM.Collect$$libinit$$0000001F)
    __rt_lib_init_getenv_1                   0x08000209   Thumb Code     0  libinit2.o(.ARM.Collect$$libinit$$00000023)
    __rt_lib_init_heap_1                     0x08000209   Thumb Code     0  libinit2.o(.ARM.Collect$$libinit$$0000000A)
    __rt_lib_init_lc_collate_1               0x08000209   Thumb Code     0  libinit2.o(.ARM.Collect$$libinit$$00000011)
    __rt_lib_init_lc_ctype_1                 0x08000209   Thumb Code     0  libinit2.o(.ARM.Collect$$libinit$$00000013)
    __rt_lib_init_lc_monetary_1              0x08000209   Thumb Code     0  libinit2.o(.ARM.Collect$$libinit$$00000015)
    __rt_lib_init_lc_numeric_1               0x08000209   Thumb Code     0  libinit2.o(.ARM.Collect$$libinit$$00000017)
    __rt_lib_init_lc_time_1                  0x08000209   Thumb Code     0  libinit2.o(.ARM.Collect$$libinit$$00000019)
    __rt_lib_init_preinit_1                  0x08000209   Thumb Code     0  libinit2.o(.ARM.Collect$$libinit$$00000004)
    __rt_lib_init_rand_1                     0x08000209   Thumb Code     0  libinit2.o(.ARM.Collect$$libinit$$0000000E)
    __rt_lib_init_return                     0x08000209   Thumb Code     0  libinit2.o(.ARM.Collect$$libinit$$00000033)
    __rt_lib_init_signal_1                   0x08000209   Thumb Code     0  libinit2.o(.ARM.Collect$$libinit$$0000001D)
    __rt_lib_init_stdio_1                    0x08000209   Thumb Code     0  libinit2.o(.ARM.Collect$$libinit$$00000025)
    __rt_lib_init_user_alloc_1               0x08000209   Thumb Code     0  libinit2.o(.ARM.Collect$$libinit$$0000000C)
    __rt_lib_shutdown                        0x0800020b   Thumb Code     0  libshutdown.o(.ARM.Collect$$libshutdown$$00000000)
    __rt_lib_shutdown_fp_trap_1              0x0800020d   Thumb Code     0  libshutdown2.o(.ARM.Collect$$libshutdown$$00000006)
    __rt_lib_shutdown_heap_1                 0x0800020d   Thumb Code     0  libshutdown2.o(.ARM.Collect$$libshutdown$$0000000E)
    __rt_lib_shutdown_return                 0x0800020d   Thumb Code     0  libshutdown2.o(.ARM.Collect$$libshutdown$$0000000F)
    __rt_lib_shutdown_signal_1               0x0800020d   Thumb Code     0  libshutdown2.o(.ARM.Collect$$libshutdown$$00000009)
    __rt_lib_shutdown_stdio_1                0x0800020d   Thumb Code     0  libshutdown2.o(.ARM.Collect$$libshutdown$$00000003)
    __rt_lib_shutdown_user_alloc_1           0x0800020d   Thumb Code     0  libshutdown2.o(.ARM.Collect$$libshutdown$$0000000B)
    __rt_entry                               0x0800020f   Thumb Code     0  __rtentry.o(.ARM.Collect$$rtentry$$00000000)
    __rt_entry_presh_1                       0x0800020f   Thumb Code     0  __rtentry2.o(.ARM.Collect$$rtentry$$00000002)
    __rt_entry_sh                            0x0800020f   Thumb Code     0  __rtentry4.o(.ARM.Collect$$rtentry$$00000004)
    __rt_entry_li                            0x08000215   Thumb Code     0  __rtentry2.o(.ARM.Collect$$rtentry$$0000000A)
    __rt_entry_postsh_1                      0x08000215   Thumb Code     0  __rtentry2.o(.ARM.Collect$$rtentry$$00000009)
    __rt_entry_main                          0x08000219   Thumb Code     0  __rtentry2.o(.ARM.Collect$$rtentry$$0000000D)
    __rt_entry_postli_1                      0x08000219   Thumb Code     0  __rtentry2.o(.ARM.Collect$$rtentry$$0000000C)
    __rt_exit                                0x08000221   Thumb Code     0  rtexit.o(.ARM.Collect$$rtexit$$00000000)
    __rt_exit_ls                             0x08000223   Thumb Code     0  rtexit2.o(.ARM.Collect$$rtexit$$00000003)
    __rt_exit_prels_1                        0x08000223   Thumb Code     0  rtexit2.o(.ARM.Collect$$rtexit$$00000002)
    __rt_exit_exit                           0x08000227   Thumb Code     0  rtexit2.o(.ARM.Collect$$rtexit$$00000004)
    main                                     0x0800022d   Thumb Code   920  main.o(.text)
    NMI_Handler                              0x080006c9   Thumb Code     2  stm32f10x_it.o(.text)
    HardFault_Handler                        0x080006cb   Thumb Code     4  stm32f10x_it.o(.text)
    MemManage_Handler                        0x080006cf   Thumb Code     4  stm32f10x_it.o(.text)
    BusFault_Handler                         0x080006d3   Thumb Code     4  stm32f10x_it.o(.text)
    UsageFault_Handler                       0x080006d7   Thumb Code     4  stm32f10x_it.o(.text)
    SVC_Handler                              0x080006db   Thumb Code     2  stm32f10x_it.o(.text)
    DebugMon_Handler                         0x080006dd   Thumb Code     2  stm32f10x_it.o(.text)
    PendSV_Handler                           0x080006df   Thumb Code     2  stm32f10x_it.o(.text)
    SysTick_Handler                          0x080006e1   Thumb Code     2  stm32f10x_it.o(.text)
    SystemInit                               0x080007c3   Thumb Code    78  system_stm32f10x.o(.text)
    SystemCoreClockUpdate                    0x08000811   Thumb Code   142  system_stm32f10x.o(.text)
    LED_Init                                 0x080008c5   Thumb Code    68  led.o(.text)
    LCD_WR_REG                               0x08000911   Thumb Code     6  lcd.o(.text)
    LCD_WR_DATA                              0x08000917   Thumb Code     8  lcd.o(.text)
    LCD_RD_DATA                              0x0800091f   Thumb Code    16  lcd.o(.text)
    LCD_WriteReg                             0x0800092f   Thumb Code    10  lcd.o(.text)
    LCD_ReadReg                              0x08000939   Thumb Code    22  lcd.o(.text)
    LCD_WriteRAM_Prepare                     0x0800094f   Thumb Code    10  lcd.o(.text)
    LCD_WriteRAM                             0x08000959   Thumb Code     8  lcd.o(.text)
    LCD_BGR2RGB                              0x08000961   Thumb Code    26  lcd.o(.text)
    opt_delay                                0x0800097b   Thumb Code    14  lcd.o(.text)
    LCD_SetCursor                            0x08000989   Thumb Code   418  lcd.o(.text)
    LCD_ReadPoint                            0x08000b2b   Thumb Code   360  lcd.o(.text)
    LCD_DisplayOn                            0x08000c93   Thumb Code   102  lcd.o(.text)
    LCD_DisplayOff                           0x08000cf9   Thumb Code    90  lcd.o(.text)
    LCD_Scan_Dir                             0x08000d53   Thumb Code   744  lcd.o(.text)
    LCD_DrawPoint                            0x0800103b   Thumb Code    28  lcd.o(.text)
    LCD_Fast_DrawPoint                       0x08001057   Thumb Code   384  lcd.o(.text)
    LCD_SSD_BackLightSet                     0x080011d7   Thumb Code    80  lcd.o(.text)
    LCD_Display_Dir                          0x08001227   Thumb Code   444  lcd.o(.text)
    LCD_Set_Window                           0x080013e3   Thumb Code   540  lcd.o(.text)
    LCD_Clear                                0x080015ff   Thumb Code   100  lcd.o(.text)
    LCD_Init                                 0x08001663   Thumb Code 14190  lcd.o(.text)
    LCD_Fill                                 0x08004dd1   Thumb Code   178  lcd.o(.text)
    LCD_Color_Fill                           0x08004e83   Thumb Code   106  lcd.o(.text)
    LCD_DrawLine                             0x08004eed   Thumb Code   176  lcd.o(.text)
    LCD_DrawRectangle                        0x08004f9d   Thumb Code    60  lcd.o(.text)
    LCD_Draw_Circle                          0x08004fd9   Thumb Code   152  lcd.o(.text)
    LCD_ShowChar                             0x08005071   Thumb Code   272  lcd.o(.text)
    LCD_Pow                                  0x08005181   Thumb Code    22  lcd.o(.text)
    LCD_ShowNum                              0x08005197   Thumb Code   148  lcd.o(.text)
    LCD_ShowxNum                             0x0800522b   Thumb Code   220  lcd.o(.text)
    LCD_ShowString                           0x08005307   Thumb Code   102  lcd.o(.text)
    RTC_Get_Week                             0x0800538d   Thumb Code   116  rtc.o(.text)
    Is_Leap_Year                             0x08005401   Thumb Code    58  rtc.o(.text)
    RTC_Get                                  0x0800543b   Thumb Code   240  rtc.o(.text)
    RTC_Set                                  0x0800552b   Thumb Code   184  rtc.o(.text)
    RTC_Init                                 0x080055e3   Thumb Code   192  rtc.o(.text)
    RTC_IRQHandler                           0x080056a3   Thumb Code    76  rtc.o(.text)
    RTC_Alarm_Set                            0x080056ef   Thumb Code   184  rtc.o(.text)
    Adc_Init                                 0x080057e5   Thumb Code   138  adc.o(.text)
    Get_Adc                                  0x0800586f   Thumb Code    46  adc.o(.text)
    Get_Adc_Average                          0x0800589d   Thumb Code    46  adc.o(.text)
    Get_RTC_Temperature                      0x080058cb   Thumb Code     2  adc.o(.text)
    DS18B20_Rst                              0x080058d5   Thumb Code    54  ds18b20.o(.text)
    DS18B20_Check                            0x0800590b   Thumb Code    96  ds18b20.o(.text)
    DS18B20_Read_Bit                         0x0800596b   Thumb Code    96  ds18b20.o(.text)
    DS18B20_Read_Byte                        0x080059cb   Thumb Code    34  ds18b20.o(.text)
    DS18B20_Write_Byte                       0x080059ed   Thumb Code   102  ds18b20.o(.text)
    DS18B20_Start                            0x08005a53   Thumb Code    24  ds18b20.o(.text)
    DS18B20_Init                             0x08005a6b   Thumb Code    58  ds18b20.o(.text)
    DS18B20_Get_Temp                         0x08005aa5   Thumb Code   136  ds18b20.o(.text)
    delay_init                               0x08005b3d   Thumb Code    50  delay.o(.text)
    delay_us                                 0x08005b6f   Thumb Code    72  delay.o(.text)
    delay_ms                                 0x08005bb7   Thumb Code    72  delay.o(.text)
    _sys_exit                                0x08005c11   Thumb Code     6  usart.o(.text)
    fputc                                    0x08005c17   Thumb Code    24  usart.o(.text)
    uart_init                                0x08005c2f   Thumb Code   152  usart.o(.text)
    USART1_IRQHandler                        0x08005cc7   Thumb Code   122  usart.o(.text)
    Reset_Handler                            0x08005d51   Thumb Code     8  startup_stm32f10x_hd.o(.text)
    ADC1_2_IRQHandler                        0x08005d6b   Thumb Code     0  startup_stm32f10x_hd.o(.text)
    ADC3_IRQHandler                          0x08005d6b   Thumb Code     0  startup_stm32f10x_hd.o(.text)
    CAN1_RX1_IRQHandler                      0x08005d6b   Thumb Code     0  startup_stm32f10x_hd.o(.text)
    CAN1_SCE_IRQHandler                      0x08005d6b   Thumb Code     0  startup_stm32f10x_hd.o(.text)
    DMA1_Channel1_IRQHandler                 0x08005d6b   Thumb Code     0  startup_stm32f10x_hd.o(.text)
    DMA1_Channel2_IRQHandler                 0x08005d6b   Thumb Code     0  startup_stm32f10x_hd.o(.text)
    DMA1_Channel3_IRQHandler                 0x08005d6b   Thumb Code     0  startup_stm32f10x_hd.o(.text)
    DMA1_Channel4_IRQHandler                 0x08005d6b   Thumb Code     0  startup_stm32f10x_hd.o(.text)
    DMA1_Channel5_IRQHandler                 0x08005d6b   Thumb Code     0  startup_stm32f10x_hd.o(.text)
    DMA1_Channel6_IRQHandler                 0x08005d6b   Thumb Code     0  startup_stm32f10x_hd.o(.text)
    DMA1_Channel7_IRQHandler                 0x08005d6b   Thumb Code     0  startup_stm32f10x_hd.o(.text)
    DMA2_Channel1_IRQHandler                 0x08005d6b   Thumb Code     0  startup_stm32f10x_hd.o(.text)
    DMA2_Channel2_IRQHandler                 0x08005d6b   Thumb Code     0  startup_stm32f10x_hd.o(.text)
    DMA2_Channel3_IRQHandler                 0x08005d6b   Thumb Code     0  startup_stm32f10x_hd.o(.text)
    DMA2_Channel4_5_IRQHandler               0x08005d6b   Thumb Code     0  startup_stm32f10x_hd.o(.text)
    EXTI0_IRQHandler                         0x08005d6b   Thumb Code     0  startup_stm32f10x_hd.o(.text)
    EXTI15_10_IRQHandler                     0x08005d6b   Thumb Code     0  startup_stm32f10x_hd.o(.text)
    EXTI1_IRQHandler                         0x08005d6b   Thumb Code     0  startup_stm32f10x_hd.o(.text)
    EXTI2_IRQHandler                         0x08005d6b   Thumb Code     0  startup_stm32f10x_hd.o(.text)
    EXTI3_IRQHandler                         0x08005d6b   Thumb Code     0  startup_stm32f10x_hd.o(.text)
    EXTI4_IRQHandler                         0x08005d6b   Thumb Code     0  startup_stm32f10x_hd.o(.text)
    EXTI9_5_IRQHandler                       0x08005d6b   Thumb Code     0  startup_stm32f10x_hd.o(.text)
    FLASH_IRQHandler                         0x08005d6b   Thumb Code     0  startup_stm32f10x_hd.o(.text)
    FSMC_IRQHandler                          0x08005d6b   Thumb Code     0  startup_stm32f10x_hd.o(.text)
    I2C1_ER_IRQHandler                       0x08005d6b   Thumb Code     0  startup_stm32f10x_hd.o(.text)
    I2C1_EV_IRQHandler                       0x08005d6b   Thumb Code     0  startup_stm32f10x_hd.o(.text)
    I2C2_ER_IRQHandler                       0x08005d6b   Thumb Code     0  startup_stm32f10x_hd.o(.text)
    I2C2_EV_IRQHandler                       0x08005d6b   Thumb Code     0  startup_stm32f10x_hd.o(.text)
    PVD_IRQHandler                           0x08005d6b   Thumb Code     0  startup_stm32f10x_hd.o(.text)
    RCC_IRQHandler                           0x08005d6b   Thumb Code     0  startup_stm32f10x_hd.o(.text)
    RTCAlarm_IRQHandler                      0x08005d6b   Thumb Code     0  startup_stm32f10x_hd.o(.text)
    SDIO_IRQHandler                          0x08005d6b   Thumb Code     0  startup_stm32f10x_hd.o(.text)
    SPI1_IRQHandler                          0x08005d6b   Thumb Code     0  startup_stm32f10x_hd.o(.text)
    SPI2_IRQHandler                          0x08005d6b   Thumb Code     0  startup_stm32f10x_hd.o(.text)
    SPI3_IRQHandler                          0x08005d6b   Thumb Code     0  startup_stm32f10x_hd.o(.text)
    TAMPER_IRQHandler                        0x08005d6b   Thumb Code     0  startup_stm32f10x_hd.o(.text)
    TIM1_BRK_IRQHandler                      0x08005d6b   Thumb Code     0  startup_stm32f10x_hd.o(.text)
    TIM1_CC_IRQHandler                       0x08005d6b   Thumb Code     0  startup_stm32f10x_hd.o(.text)
    TIM1_TRG_COM_IRQHandler                  0x08005d6b   Thumb Code     0  startup_stm32f10x_hd.o(.text)
    TIM1_UP_IRQHandler                       0x08005d6b   Thumb Code     0  startup_stm32f10x_hd.o(.text)
    TIM2_IRQHandler                          0x08005d6b   Thumb Code     0  startup_stm32f10x_hd.o(.text)
    TIM3_IRQHandler                          0x08005d6b   Thumb Code     0  startup_stm32f10x_hd.o(.text)
    TIM5_IRQHandler                          0x08005d6b   Thumb Code     0  startup_stm32f10x_hd.o(.text)
    TIM6_IRQHandler                          0x08005d6b   Thumb Code     0  startup_stm32f10x_hd.o(.text)
    TIM7_IRQHandler                          0x08005d6b   Thumb Code     0  startup_stm32f10x_hd.o(.text)
    TIM8_BRK_IRQHandler                      0x08005d6b   Thumb Code     0  startup_stm32f10x_hd.o(.text)
    TIM8_CC_IRQHandler                       0x08005d6b   Thumb Code     0  startup_stm32f10x_hd.o(.text)
    TIM8_TRG_COM_IRQHandler                  0x08005d6b   Thumb Code     0  startup_stm32f10x_hd.o(.text)
    TIM8_UP_IRQHandler                       0x08005d6b   Thumb Code     0  startup_stm32f10x_hd.o(.text)
    UART4_IRQHandler                         0x08005d6b   Thumb Code     0  startup_stm32f10x_hd.o(.text)
    UART5_IRQHandler                         0x08005d6b   Thumb Code     0  startup_stm32f10x_hd.o(.text)
    USART2_IRQHandler                        0x08005d6b   Thumb Code     0  startup_stm32f10x_hd.o(.text)
    USART3_IRQHandler                        0x08005d6b   Thumb Code     0  startup_stm32f10x_hd.o(.text)
    USBWakeUp_IRQHandler                     0x08005d6b   Thumb Code     0  startup_stm32f10x_hd.o(.text)
    USB_HP_CAN1_TX_IRQHandler                0x08005d6b   Thumb Code     0  startup_stm32f10x_hd.o(.text)
    USB_LP_CAN1_RX0_IRQHandler               0x08005d6b   Thumb Code     0  startup_stm32f10x_hd.o(.text)
    WWDG_IRQHandler                          0x08005d6b   Thumb Code     0  startup_stm32f10x_hd.o(.text)
    __user_initial_stackheap                 0x08005d6d   Thumb Code     0  startup_stm32f10x_hd.o(.text)
    NVIC_PriorityGroupConfig                 0x08005d91   Thumb Code    10  misc.o(.text)
    NVIC_Init                                0x08005d9b   Thumb Code   100  misc.o(.text)
    NVIC_SetVectorTable                      0x08005dff   Thumb Code    14  misc.o(.text)
    NVIC_SystemLPConfig                      0x08005e0d   Thumb Code    34  misc.o(.text)
    SysTick_CLKSourceConfig                  0x08005e2f   Thumb Code    40  misc.o(.text)
    BKP_DeInit                               0x08005e6d   Thumb Code    16  stm32f10x_bkp.o(.text)
    BKP_TamperPinLevelConfig                 0x08005e7d   Thumb Code     6  stm32f10x_bkp.o(.text)
    BKP_TamperPinCmd                         0x08005e83   Thumb Code     8  stm32f10x_bkp.o(.text)
    BKP_ITConfig                             0x08005e8b   Thumb Code     8  stm32f10x_bkp.o(.text)
    BKP_RTCOutputConfig                      0x08005e93   Thumb Code    22  stm32f10x_bkp.o(.text)
    BKP_SetRTCCalibrationValue               0x08005ea9   Thumb Code    22  stm32f10x_bkp.o(.text)
    BKP_WriteBackupRegister                  0x08005ebf   Thumb Code    24  stm32f10x_bkp.o(.text)
    BKP_ReadBackupRegister                   0x08005ed7   Thumb Code    26  stm32f10x_bkp.o(.text)
    BKP_GetFlagStatus                        0x08005ef1   Thumb Code    10  stm32f10x_bkp.o(.text)
    BKP_ClearFlag                            0x08005efb   Thumb Code    18  stm32f10x_bkp.o(.text)
    BKP_GetITStatus                          0x08005f0d   Thumb Code    10  stm32f10x_bkp.o(.text)
    BKP_ClearITPendingBit                    0x08005f17   Thumb Code    18  stm32f10x_bkp.o(.text)
    FSMC_NORSRAMDeInit                       0x08005f31   Thumb Code    54  stm32f10x_fsmc.o(.text)
    FSMC_NANDDeInit                          0x08005f67   Thumb Code    62  stm32f10x_fsmc.o(.text)
    FSMC_PCCARDDeInit                        0x08005fa5   Thumb Code    36  stm32f10x_fsmc.o(.text)
    FSMC_NORSRAMInit                         0x08005fc9   Thumb Code   230  stm32f10x_fsmc.o(.text)
    FSMC_NANDInit                            0x080060af   Thumb Code   132  stm32f10x_fsmc.o(.text)
    FSMC_PCCARDInit                          0x08006133   Thumb Code   130  stm32f10x_fsmc.o(.text)
    FSMC_NORSRAMStructInit                   0x080061b5   Thumb Code   114  stm32f10x_fsmc.o(.text)
    FSMC_NANDStructInit                      0x08006227   Thumb Code    54  stm32f10x_fsmc.o(.text)
    FSMC_PCCARDStructInit                    0x0800625d   Thumb Code    60  stm32f10x_fsmc.o(.text)
    FSMC_NORSRAMCmd                          0x08006299   Thumb Code    46  stm32f10x_fsmc.o(.text)
    FSMC_NANDCmd                             0x080062c7   Thumb Code    86  stm32f10x_fsmc.o(.text)
    FSMC_PCCARDCmd                           0x0800631d   Thumb Code    44  stm32f10x_fsmc.o(.text)
    FSMC_NANDECCCmd                          0x08006349   Thumb Code    90  stm32f10x_fsmc.o(.text)
    FSMC_GetECC                              0x080063a3   Thumb Code    24  stm32f10x_fsmc.o(.text)
    FSMC_ITConfig                            0x080063bb   Thumb Code   128  stm32f10x_fsmc.o(.text)
    FSMC_GetFlagStatus                       0x0800643b   Thumb Code    54  stm32f10x_fsmc.o(.text)
    FSMC_ClearFlag                           0x08006471   Thumb Code    62  stm32f10x_fsmc.o(.text)
    FSMC_GetITStatus                         0x080064af   Thumb Code    64  stm32f10x_fsmc.o(.text)
    FSMC_ClearITPendingBit                   0x080064ef   Thumb Code    68  stm32f10x_fsmc.o(.text)
    GPIO_DeInit                              0x0800653d   Thumb Code   172  stm32f10x_gpio.o(.text)
    GPIO_AFIODeInit                          0x080065e9   Thumb Code    20  stm32f10x_gpio.o(.text)
    GPIO_Init                                0x080065fd   Thumb Code   278  stm32f10x_gpio.o(.text)
    GPIO_StructInit                          0x08006713   Thumb Code    16  stm32f10x_gpio.o(.text)
    GPIO_ReadInputDataBit                    0x08006723   Thumb Code    18  stm32f10x_gpio.o(.text)
    GPIO_ReadInputData                       0x08006735   Thumb Code     8  stm32f10x_gpio.o(.text)
    GPIO_ReadOutputDataBit                   0x0800673d   Thumb Code    18  stm32f10x_gpio.o(.text)
    GPIO_ReadOutputData                      0x0800674f   Thumb Code     8  stm32f10x_gpio.o(.text)
    GPIO_SetBits                             0x08006757   Thumb Code     4  stm32f10x_gpio.o(.text)
    GPIO_ResetBits                           0x0800675b   Thumb Code     4  stm32f10x_gpio.o(.text)
    GPIO_WriteBit                            0x0800675f   Thumb Code    10  stm32f10x_gpio.o(.text)
    GPIO_Write                               0x08006769   Thumb Code     4  stm32f10x_gpio.o(.text)
    GPIO_PinLockConfig                       0x0800676d   Thumb Code    18  stm32f10x_gpio.o(.text)
    GPIO_EventOutputConfig                   0x0800677f   Thumb Code    26  stm32f10x_gpio.o(.text)
    GPIO_EventOutputCmd                      0x08006799   Thumb Code     6  stm32f10x_gpio.o(.text)
    GPIO_PinRemapConfig                      0x0800679f   Thumb Code   138  stm32f10x_gpio.o(.text)
    GPIO_EXTILineConfig                      0x08006829   Thumb Code    66  stm32f10x_gpio.o(.text)
    GPIO_ETH_MediaInterfaceConfig            0x0800686b   Thumb Code     8  stm32f10x_gpio.o(.text)
    PWR_DeInit                               0x08006899   Thumb Code    22  stm32f10x_pwr.o(.text)
    PWR_BackupAccessCmd                      0x080068af   Thumb Code     6  stm32f10x_pwr.o(.text)
    PWR_PVDCmd                               0x080068b5   Thumb Code     6  stm32f10x_pwr.o(.text)
    PWR_PVDLevelConfig                       0x080068bb   Thumb Code    18  stm32f10x_pwr.o(.text)
    PWR_WakeUpPinCmd                         0x080068cd   Thumb Code     8  stm32f10x_pwr.o(.text)
    PWR_EnterSTOPMode                        0x080068d5   Thumb Code    54  stm32f10x_pwr.o(.text)
    PWR_EnterSTANDBYMode                     0x0800690b   Thumb Code    42  stm32f10x_pwr.o(.text)
    PWR_GetFlagStatus                        0x08006935   Thumb Code    20  stm32f10x_pwr.o(.text)
    PWR_ClearFlag                            0x08006949   Thumb Code    14  stm32f10x_pwr.o(.text)
    RCC_DeInit                               0x08006965   Thumb Code    64  stm32f10x_rcc.o(.text)
    RCC_HSEConfig                            0x080069a5   Thumb Code    70  stm32f10x_rcc.o(.text)
    RCC_GetFlagStatus                        0x080069eb   Thumb Code    56  stm32f10x_rcc.o(.text)
    RCC_WaitForHSEStartUp                    0x08006a23   Thumb Code    56  stm32f10x_rcc.o(.text)
    RCC_AdjustHSICalibrationValue            0x08006a5b   Thumb Code    20  stm32f10x_rcc.o(.text)
    RCC_HSICmd                               0x08006a6f   Thumb Code     6  stm32f10x_rcc.o(.text)
    RCC_PLLConfig                            0x08006a75   Thumb Code    24  stm32f10x_rcc.o(.text)
    RCC_PLLCmd                               0x08006a8d   Thumb Code     6  stm32f10x_rcc.o(.text)
    RCC_SYSCLKConfig                         0x08006a93   Thumb Code    18  stm32f10x_rcc.o(.text)
    RCC_GetSYSCLKSource                      0x08006aa5   Thumb Code    10  stm32f10x_rcc.o(.text)
    RCC_HCLKConfig                           0x08006aaf   Thumb Code    18  stm32f10x_rcc.o(.text)
    RCC_PCLK1Config                          0x08006ac1   Thumb Code    18  stm32f10x_rcc.o(.text)
    RCC_PCLK2Config                          0x08006ad3   Thumb Code    20  stm32f10x_rcc.o(.text)
    RCC_ITConfig                             0x08006ae7   Thumb Code    26  stm32f10x_rcc.o(.text)
    RCC_USBCLKConfig                         0x08006b01   Thumb Code     8  stm32f10x_rcc.o(.text)
    RCC_ADCCLKConfig                         0x08006b09   Thumb Code    18  stm32f10x_rcc.o(.text)
    RCC_LSEConfig                            0x08006b1b   Thumb Code    50  stm32f10x_rcc.o(.text)
    RCC_LSICmd                               0x08006b4d   Thumb Code     6  stm32f10x_rcc.o(.text)
    RCC_RTCCLKConfig                         0x08006b53   Thumb Code    12  stm32f10x_rcc.o(.text)
    RCC_RTCCLKCmd                            0x08006b5f   Thumb Code     8  stm32f10x_rcc.o(.text)
    RCC_GetClocksFreq                        0x08006b67   Thumb Code   192  stm32f10x_rcc.o(.text)
    RCC_AHBPeriphClockCmd                    0x08006c27   Thumb Code    26  stm32f10x_rcc.o(.text)
    RCC_APB2PeriphClockCmd                   0x08006c41   Thumb Code    26  stm32f10x_rcc.o(.text)
    RCC_APB1PeriphClockCmd                   0x08006c5b   Thumb Code    26  stm32f10x_rcc.o(.text)
    RCC_APB2PeriphResetCmd                   0x08006c75   Thumb Code    26  stm32f10x_rcc.o(.text)
    RCC_APB1PeriphResetCmd                   0x08006c8f   Thumb Code    26  stm32f10x_rcc.o(.text)
    RCC_BackupResetCmd                       0x08006ca9   Thumb Code     8  stm32f10x_rcc.o(.text)
    RCC_ClockSecuritySystemCmd               0x08006cb1   Thumb Code     6  stm32f10x_rcc.o(.text)
    RCC_MCOConfig                            0x08006cb7   Thumb Code     6  stm32f10x_rcc.o(.text)
    RCC_ClearFlag                            0x08006cbd   Thumb Code    14  stm32f10x_rcc.o(.text)
    RCC_GetITStatus                          0x08006ccb   Thumb Code    20  stm32f10x_rcc.o(.text)
    RCC_ClearITPendingBit                    0x08006cdf   Thumb Code     6  stm32f10x_rcc.o(.text)
    USART_DeInit                             0x08006d09   Thumb Code   134  stm32f10x_usart.o(.text)
    USART_Init                               0x08006d8f   Thumb Code   210  stm32f10x_usart.o(.text)
    USART_StructInit                         0x08006e61   Thumb Code    24  stm32f10x_usart.o(.text)
    USART_ClockInit                          0x08006e79   Thumb Code    34  stm32f10x_usart.o(.text)
    USART_ClockStructInit                    0x08006e9b   Thumb Code    12  stm32f10x_usart.o(.text)
    USART_Cmd                                0x08006ea7   Thumb Code    24  stm32f10x_usart.o(.text)
    USART_ITConfig                           0x08006ebf   Thumb Code    74  stm32f10x_usart.o(.text)
    USART_DMACmd                             0x08006f09   Thumb Code    18  stm32f10x_usart.o(.text)
    USART_SetAddress                         0x08006f1b   Thumb Code    18  stm32f10x_usart.o(.text)
    USART_WakeUpConfig                       0x08006f2d   Thumb Code    18  stm32f10x_usart.o(.text)
    USART_ReceiverWakeUpCmd                  0x08006f3f   Thumb Code    24  stm32f10x_usart.o(.text)
    USART_LINBreakDetectLengthConfig         0x08006f57   Thumb Code    18  stm32f10x_usart.o(.text)
    USART_LINCmd                             0x08006f69   Thumb Code    24  stm32f10x_usart.o(.text)
    USART_SendData                           0x08006f81   Thumb Code     8  stm32f10x_usart.o(.text)
    USART_ReceiveData                        0x08006f89   Thumb Code    10  stm32f10x_usart.o(.text)
    USART_SendBreak                          0x08006f93   Thumb Code    10  stm32f10x_usart.o(.text)
    USART_SetGuardTime                       0x08006f9d   Thumb Code    16  stm32f10x_usart.o(.text)
    USART_SetPrescaler                       0x08006fad   Thumb Code    16  stm32f10x_usart.o(.text)
    USART_SmartCardCmd                       0x08006fbd   Thumb Code    24  stm32f10x_usart.o(.text)
    USART_SmartCardNACKCmd                   0x08006fd5   Thumb Code    24  stm32f10x_usart.o(.text)
    USART_HalfDuplexCmd                      0x08006fed   Thumb Code    24  stm32f10x_usart.o(.text)
    USART_OverSampling8Cmd                   0x08007005   Thumb Code    22  stm32f10x_usart.o(.text)
    USART_OneBitMethodCmd                    0x0800701b   Thumb Code    24  stm32f10x_usart.o(.text)
    USART_IrDAConfig                         0x08007033   Thumb Code    18  stm32f10x_usart.o(.text)
    USART_IrDACmd                            0x08007045   Thumb Code    24  stm32f10x_usart.o(.text)
    USART_GetFlagStatus                      0x0800705d   Thumb Code    26  stm32f10x_usart.o(.text)
    USART_ClearFlag                          0x08007077   Thumb Code    18  stm32f10x_usart.o(.text)
    USART_GetITStatus                        0x08007089   Thumb Code    84  stm32f10x_usart.o(.text)
    USART_ClearITPendingBit                  0x080070dd   Thumb Code    52  stm32f10x_usart.o(.text)
    RTC_ITConfig                             0x08007111   Thumb Code    26  stm32f10x_rtc.o(.text)
    RTC_EnterConfigMode                      0x0800712b   Thumb Code    18  stm32f10x_rtc.o(.text)
    RTC_ExitConfigMode                       0x0800713d   Thumb Code    20  stm32f10x_rtc.o(.text)
    RTC_GetCounter                           0x08007151   Thumb Code    18  stm32f10x_rtc.o(.text)
    RTC_SetCounter                           0x08007163   Thumb Code    26  stm32f10x_rtc.o(.text)
    RTC_SetPrescaler                         0x0800717d   Thumb Code    28  stm32f10x_rtc.o(.text)
    RTC_SetAlarm                             0x08007199   Thumb Code    26  stm32f10x_rtc.o(.text)
    RTC_GetDivider                           0x080071b3   Thumb Code    22  stm32f10x_rtc.o(.text)
    RTC_WaitForLastTask                      0x080071c9   Thumb Code    18  stm32f10x_rtc.o(.text)
    RTC_WaitForSynchro                       0x080071db   Thumb Code    36  stm32f10x_rtc.o(.text)
    RTC_GetFlagStatus                        0x080071ff   Thumb Code    22  stm32f10x_rtc.o(.text)
    RTC_ClearFlag                            0x08007215   Thumb Code    16  stm32f10x_rtc.o(.text)
    RTC_GetITStatus                          0x08007225   Thumb Code    32  stm32f10x_rtc.o(.text)
    RTC_ClearITPendingBit                    0x08007245   Thumb Code    16  stm32f10x_rtc.o(.text)
    TIM_DeInit                               0x08007259   Thumb Code   424  stm32f10x_tim.o(.text)
    TIM_TimeBaseInit                         0x08007401   Thumb Code   122  stm32f10x_tim.o(.text)
    TIM_OC1Init                              0x0800747b   Thumb Code   132  stm32f10x_tim.o(.text)
    TIM_OC2Init                              0x080074ff   Thumb Code   154  stm32f10x_tim.o(.text)
    TIM_OC3Init                              0x08007599   Thumb Code   150  stm32f10x_tim.o(.text)
    TIM_OC4Init                              0x0800762f   Thumb Code   182  stm32f10x_tim.o(.text)
    TIM_SetIC4Prescaler                      0x080076e5   Thumb Code    26  stm32f10x_tim.o(.text)
    TIM_SetIC3Prescaler                      0x08007781   Thumb Code    18  stm32f10x_tim.o(.text)
    TIM_SetIC2Prescaler                      0x0800780d   Thumb Code    26  stm32f10x_tim.o(.text)
    TIM_SetIC1Prescaler                      0x080078a9   Thumb Code    18  stm32f10x_tim.o(.text)
    TIM_ICInit                               0x08007927   Thumb Code   150  stm32f10x_tim.o(.text)
    TIM_PWMIConfig                           0x080079bd   Thumb Code   124  stm32f10x_tim.o(.text)
    TIM_BDTRConfig                           0x08007a39   Thumb Code    32  stm32f10x_tim.o(.text)
    TIM_TimeBaseStructInit                   0x08007a59   Thumb Code    18  stm32f10x_tim.o(.text)
    TIM_OCStructInit                         0x08007a6b   Thumb Code    20  stm32f10x_tim.o(.text)
    TIM_ICStructInit                         0x08007a7f   Thumb Code    18  stm32f10x_tim.o(.text)
    TIM_BDTRStructInit                       0x08007a91   Thumb Code    40  stm32f10x_tim.o(.text)
    TIM_Cmd                                  0x08007ab9   Thumb Code    24  stm32f10x_tim.o(.text)
    TIM_CtrlPWMOutputs                       0x08007ad1   Thumb Code    30  stm32f10x_tim.o(.text)
    TIM_ITConfig                             0x08007aef   Thumb Code    18  stm32f10x_tim.o(.text)
    TIM_GenerateEvent                        0x08007b01   Thumb Code     4  stm32f10x_tim.o(.text)
    TIM_DMAConfig                            0x08007b05   Thumb Code    10  stm32f10x_tim.o(.text)
    TIM_DMACmd                               0x08007b0f   Thumb Code    18  stm32f10x_tim.o(.text)
    TIM_InternalClockConfig                  0x08007b21   Thumb Code    12  stm32f10x_tim.o(.text)
    TIM_SelectInputTrigger                   0x08007b2d   Thumb Code    18  stm32f10x_tim.o(.text)
    TIM_ITRxExternalClockConfig              0x08007b3f   Thumb Code    24  stm32f10x_tim.o(.text)
    TIM_TIxExternalClockConfig               0x08007b57   Thumb Code    62  stm32f10x_tim.o(.text)
    TIM_ETRConfig                            0x08007b95   Thumb Code    28  stm32f10x_tim.o(.text)
    TIM_ETRClockMode1Config                  0x08007bb1   Thumb Code    54  stm32f10x_tim.o(.text)
    TIM_ETRClockMode2Config                  0x08007be7   Thumb Code    32  stm32f10x_tim.o(.text)
    TIM_PrescalerConfig                      0x08007c07   Thumb Code     6  stm32f10x_tim.o(.text)
    TIM_CounterModeConfig                    0x08007c0d   Thumb Code    18  stm32f10x_tim.o(.text)
    TIM_EncoderInterfaceConfig               0x08007c1f   Thumb Code    66  stm32f10x_tim.o(.text)
    TIM_ForcedOC1Config                      0x08007c61   Thumb Code    18  stm32f10x_tim.o(.text)
    TIM_ForcedOC2Config                      0x08007c73   Thumb Code    26  stm32f10x_tim.o(.text)
    TIM_ForcedOC3Config                      0x08007c8d   Thumb Code    18  stm32f10x_tim.o(.text)
    TIM_ForcedOC4Config                      0x08007c9f   Thumb Code    26  stm32f10x_tim.o(.text)
    TIM_ARRPreloadConfig                     0x08007cb9   Thumb Code    24  stm32f10x_tim.o(.text)
    TIM_SelectCOM                            0x08007cd1   Thumb Code    24  stm32f10x_tim.o(.text)
    TIM_SelectCCDMA                          0x08007ce9   Thumb Code    24  stm32f10x_tim.o(.text)
    TIM_CCPreloadControl                     0x08007d01   Thumb Code    24  stm32f10x_tim.o(.text)
    TIM_OC1PreloadConfig                     0x08007d19   Thumb Code    18  stm32f10x_tim.o(.text)
    TIM_OC2PreloadConfig                     0x08007d2b   Thumb Code    26  stm32f10x_tim.o(.text)
    TIM_OC3PreloadConfig                     0x08007d45   Thumb Code    18  stm32f10x_tim.o(.text)
    TIM_OC4PreloadConfig                     0x08007d57   Thumb Code    26  stm32f10x_tim.o(.text)
    TIM_OC1FastConfig                        0x08007d71   Thumb Code    18  stm32f10x_tim.o(.text)
    TIM_OC2FastConfig                        0x08007d83   Thumb Code    26  stm32f10x_tim.o(.text)
    TIM_OC3FastConfig                        0x08007d9d   Thumb Code    18  stm32f10x_tim.o(.text)
    TIM_OC4FastConfig                        0x08007daf   Thumb Code    26  stm32f10x_tim.o(.text)
    TIM_ClearOC1Ref                          0x08007dc9   Thumb Code    18  stm32f10x_tim.o(.text)
    TIM_ClearOC2Ref                          0x08007ddb   Thumb Code    24  stm32f10x_tim.o(.text)
    TIM_ClearOC3Ref                          0x08007df3   Thumb Code    18  stm32f10x_tim.o(.text)
    TIM_ClearOC4Ref                          0x08007e05   Thumb Code    24  stm32f10x_tim.o(.text)
    TIM_OC1PolarityConfig                    0x08007e1d   Thumb Code    18  stm32f10x_tim.o(.text)
    TIM_OC1NPolarityConfig                   0x08007e2f   Thumb Code    18  stm32f10x_tim.o(.text)
    TIM_OC2PolarityConfig                    0x08007e41   Thumb Code    26  stm32f10x_tim.o(.text)
    TIM_OC2NPolarityConfig                   0x08007e5b   Thumb Code    26  stm32f10x_tim.o(.text)
    TIM_OC3PolarityConfig                    0x08007e75   Thumb Code    26  stm32f10x_tim.o(.text)
    TIM_OC3NPolarityConfig                   0x08007e8f   Thumb Code    26  stm32f10x_tim.o(.text)
    TIM_OC4PolarityConfig                    0x08007ea9   Thumb Code    26  stm32f10x_tim.o(.text)
    TIM_CCxCmd                               0x08007ec3   Thumb Code    30  stm32f10x_tim.o(.text)
    TIM_CCxNCmd                              0x08007ee1   Thumb Code    30  stm32f10x_tim.o(.text)
    TIM_SelectOCxM                           0x08007eff   Thumb Code    82  stm32f10x_tim.o(.text)
    TIM_UpdateDisableConfig                  0x08007f51   Thumb Code    24  stm32f10x_tim.o(.text)
    TIM_UpdateRequestConfig                  0x08007f69   Thumb Code    24  stm32f10x_tim.o(.text)
    TIM_SelectHallSensor                     0x08007f81   Thumb Code    24  stm32f10x_tim.o(.text)
    TIM_SelectOnePulseMode                   0x08007f99   Thumb Code    18  stm32f10x_tim.o(.text)
    TIM_SelectOutputTrigger                  0x08007fab   Thumb Code    18  stm32f10x_tim.o(.text)
    TIM_SelectSlaveMode                      0x08007fbd   Thumb Code    18  stm32f10x_tim.o(.text)
    TIM_SelectMasterSlaveMode                0x08007fcf   Thumb Code    18  stm32f10x_tim.o(.text)
    TIM_SetCounter                           0x08007fe1   Thumb Code     4  stm32f10x_tim.o(.text)
    TIM_SetAutoreload                        0x08007fe5   Thumb Code     4  stm32f10x_tim.o(.text)
    TIM_SetCompare1                          0x08007fe9   Thumb Code     4  stm32f10x_tim.o(.text)
    TIM_SetCompare2                          0x08007fed   Thumb Code     4  stm32f10x_tim.o(.text)
    TIM_SetCompare3                          0x08007ff1   Thumb Code     4  stm32f10x_tim.o(.text)
    TIM_SetCompare4                          0x08007ff5   Thumb Code     6  stm32f10x_tim.o(.text)
    TIM_SetClockDivision                     0x08007ffb   Thumb Code    18  stm32f10x_tim.o(.text)
    TIM_GetCapture1                          0x0800800d   Thumb Code     6  stm32f10x_tim.o(.text)
    TIM_GetCapture2                          0x08008013   Thumb Code     6  stm32f10x_tim.o(.text)
    TIM_GetCapture3                          0x08008019   Thumb Code     6  stm32f10x_tim.o(.text)
    TIM_GetCapture4                          0x0800801f   Thumb Code     8  stm32f10x_tim.o(.text)
    TIM_GetCounter                           0x08008027   Thumb Code     6  stm32f10x_tim.o(.text)
    TIM_GetPrescaler                         0x0800802d   Thumb Code     6  stm32f10x_tim.o(.text)
    TIM_GetFlagStatus                        0x08008033   Thumb Code    18  stm32f10x_tim.o(.text)
    TIM_ClearFlag                            0x08008045   Thumb Code     6  stm32f10x_tim.o(.text)
    TIM_GetITStatus                          0x0800804b   Thumb Code    34  stm32f10x_tim.o(.text)
    TIM_ClearITPendingBit                    0x0800806d   Thumb Code     6  stm32f10x_tim.o(.text)
    ADC_DeInit                               0x08008075   Thumb Code    78  stm32f10x_adc.o(.text)
    ADC_Init                                 0x080080c3   Thumb Code    70  stm32f10x_adc.o(.text)
    ADC_StructInit                           0x08008109   Thumb Code    18  stm32f10x_adc.o(.text)
    ADC_Cmd                                  0x0800811b   Thumb Code    22  stm32f10x_adc.o(.text)
    ADC_DMACmd                               0x08008131   Thumb Code    22  stm32f10x_adc.o(.text)
    ADC_ITConfig                             0x08008147   Thumb Code    24  stm32f10x_adc.o(.text)
    ADC_ResetCalibration                     0x0800815f   Thumb Code    10  stm32f10x_adc.o(.text)
    ADC_GetResetCalibrationStatus            0x08008169   Thumb Code    20  stm32f10x_adc.o(.text)
    ADC_StartCalibration                     0x0800817d   Thumb Code    10  stm32f10x_adc.o(.text)
    ADC_GetCalibrationStatus                 0x08008187   Thumb Code    20  stm32f10x_adc.o(.text)
    ADC_SoftwareStartConvCmd                 0x0800819b   Thumb Code    22  stm32f10x_adc.o(.text)
    ADC_GetSoftwareStartConvStatus           0x080081b1   Thumb Code    20  stm32f10x_adc.o(.text)
    ADC_DiscModeChannelCountConfig           0x080081c5   Thumb Code    24  stm32f10x_adc.o(.text)
    ADC_DiscModeCmd                          0x080081dd   Thumb Code    22  stm32f10x_adc.o(.text)
    ADC_RegularChannelConfig                 0x080081f3   Thumb Code   184  stm32f10x_adc.o(.text)
    ADC_ExternalTrigConvCmd                  0x080082ab   Thumb Code    22  stm32f10x_adc.o(.text)
    ADC_GetConversionValue                   0x080082c1   Thumb Code     8  stm32f10x_adc.o(.text)
    ADC_GetDualModeConversionValue           0x080082c9   Thumb Code     8  stm32f10x_adc.o(.text)
    ADC_AutoInjectedConvCmd                  0x080082d1   Thumb Code    22  stm32f10x_adc.o(.text)
    ADC_InjectedDiscModeCmd                  0x080082e7   Thumb Code    22  stm32f10x_adc.o(.text)
    ADC_ExternalTrigInjectedConvConfig       0x080082fd   Thumb Code    16  stm32f10x_adc.o(.text)
    ADC_ExternalTrigInjectedConvCmd          0x0800830d   Thumb Code    22  stm32f10x_adc.o(.text)
    ADC_SoftwareStartInjectedConvCmd         0x08008323   Thumb Code    22  stm32f10x_adc.o(.text)
    ADC_GetSoftwareStartInjectedConvCmdStatus 0x08008339   Thumb Code    20  stm32f10x_adc.o(.text)
    ADC_InjectedChannelConfig                0x0800834d   Thumb Code   130  stm32f10x_adc.o(.text)
    ADC_InjectedSequencerLengthConfig        0x080083cf   Thumb Code    24  stm32f10x_adc.o(.text)
    ADC_SetInjectedOffset                    0x080083e7   Thumb Code    20  stm32f10x_adc.o(.text)
    ADC_GetInjectedConversionValue           0x080083fb   Thumb Code    28  stm32f10x_adc.o(.text)
    ADC_AnalogWatchdogCmd                    0x08008417   Thumb Code    16  stm32f10x_adc.o(.text)
    ADC_AnalogWatchdogThresholdsConfig       0x08008427   Thumb Code     6  stm32f10x_adc.o(.text)
    ADC_AnalogWatchdogSingleChannelConfig    0x0800842d   Thumb Code    16  stm32f10x_adc.o(.text)
    ADC_TempSensorVrefintCmd                 0x0800843d   Thumb Code    64  stm32f10x_adc.o(.text)
    ADC_GetFlagStatus                        0x0800847d   Thumb Code    18  stm32f10x_adc.o(.text)
    ADC_ClearFlag                            0x0800848f   Thumb Code     6  stm32f10x_adc.o(.text)
    ADC_GetITStatus                          0x08008495   Thumb Code    36  stm32f10x_adc.o(.text)
    ADC_ClearITPendingBit                    0x080084b9   Thumb Code    10  stm32f10x_adc.o(.text)
    usmart_sys_cmd_exe                       0x080084c5   Thumb Code  1554  usmart.o(.text)
    usmart_reset_runtime                     0x08008ad7   Thumb Code    38  usmart.o(.text)
    usmart_get_runtime                       0x08008afd   Thumb Code    60  usmart.o(.text)
    TIM4_IRQHandler                          0x08008b39   Thumb Code    46  usmart.o(.text)
    Timer4_Init                              0x08008b67   Thumb Code    88  usmart.o(.text)
    usmart_init                              0x08008bbf   Thumb Code    36  usmart.o(.text)
    usmart_cmd_rec                           0x08008be3   Thumb Code   170  usmart.o(.text)
    usmart_exe                               0x08008c8d   Thumb Code   870  usmart.o(.text)
    usmart_scan                              0x08008ff3   Thumb Code   120  usmart.o(.text)
    read_addr                                0x0800906b   Thumb Code     6  usmart.o(.text)
    write_addr                               0x08009071   Thumb Code     4  usmart.o(.text)
    usmart_strcmp                            0x080090fd   Thumb Code    34  usmart_str.o(.text)
    usmart_strcopy                           0x0800911f   Thumb Code    22  usmart_str.o(.text)
    usmart_strlen                            0x08009135   Thumb Code    24  usmart_str.o(.text)
    usmart_pow                               0x0800914d   Thumb Code    22  usmart_str.o(.text)
    usmart_str2num                           0x08009163   Thumb Code   202  usmart_str.o(.text)
    usmart_get_cmdname                       0x0800922d   Thumb Code    54  usmart_str.o(.text)
    usmart_search_nextc                      0x08009263   Thumb Code    22  usmart_str.o(.text)
    usmart_get_fname                         0x08009279   Thumb Code   440  usmart_str.o(.text)
    usmart_get_aparm                         0x08009431   Thumb Code   200  usmart_str.o(.text)
    usmart_get_parmpos                       0x080094f9   Thumb Code    26  usmart_str.o(.text)
    usmart_get_fparam                        0x08009513   Thumb Code   262  usmart_str.o(.text)
    __use_no_semihosting                     0x08009625   Thumb Code     2  use_no_semi_2.o(.text)
    __2printf                                0x08009629   Thumb Code    20  noretval__2printf.o(.text)
    _printf_pre_padding                      0x08009641   Thumb Code    44  _printf_pad.o(.text)
    _printf_post_padding                     0x0800966d   Thumb Code    34  _printf_pad.o(.text)
    _printf_str                              0x0800968f   Thumb Code    82  _printf_str.o(.text)
    _printf_int_dec                          0x080096e1   Thumb Code   104  _printf_dec.o(.text)
    _printf_int_hex                          0x08009759   Thumb Code    84  _printf_hex_int.o(.text)
    _printf_longlong_hex                     0x08009759   Thumb Code     0  _printf_hex_int.o(.text)
    __printf                                 0x080097b1   Thumb Code   388  __printf_flags_ss_wp.o(.text)
    __use_two_region_memory                  0x08009939   Thumb Code     2  heapauxi.o(.text)
    __rt_heap_escrow$2region                 0x0800993b   Thumb Code     2  heapauxi.o(.text)
    __rt_heap_expand$2region                 0x0800993d   Thumb Code     2  heapauxi.o(.text)
    __I$use$semihosting                      0x0800993f   Thumb Code     0  use_no_semi.o(.text)
    __use_no_semihosting_swi                 0x0800993f   Thumb Code     2  use_no_semi.o(.text)
    _printf_int_common                       0x08009941   Thumb Code   178  _printf_intcommon.o(.text)
    _printf_cs_common                        0x080099f3   Thumb Code    20  _printf_char.o(.text)
    _printf_char                             0x08009a07   Thumb Code    16  _printf_char.o(.text)
    _printf_string                           0x08009a17   Thumb Code     8  _printf_char.o(.text)
    _printf_char_file                        0x08009a21   Thumb Code    32  _printf_char_file.o(.text)
    _printf_char_common                      0x08009a4f   Thumb Code    32  _printf_char_common.o(.text)
    ferror                                   0x08009a75   Thumb Code     8  ferror.o(.text)
    __user_setup_stackheap                   0x08009a7d   Thumb Code    74  sys_stackheap_outer.o(.text)
    exit                                     0x08009ac7   Thumb Code    12  exit.o(.text)
    __user_libspace                          0x08009ad5   Thumb Code     8  libspace.o(.text)
    __user_perproc_libspace                  0x08009ad5   Thumb Code     0  libspace.o(.text)
    __user_perthread_libspace                0x08009ad5   Thumb Code     0  libspace.o(.text)
    _is_digit                                0x08009add   Thumb Code    14  __printf_wp.o(i._is_digit)
    __aeabi_d2f                              0x08009aed   Thumb Code     0  d2f.o(x$fpl$d2f)
    _d2f                                     0x08009aed   Thumb Code    98  d2f.o(x$fpl$d2f)
    __aeabi_d2iz                             0x08009b51   Thumb Code     0  dfix.o(x$fpl$dfix)
    _dfix                                    0x08009b51   Thumb Code    94  dfix.o(x$fpl$dfix)
    __aeabi_d2uiz                            0x08009bb1   Thumb Code     0  dfixu.o(x$fpl$dfixu)
    _dfixu                                   0x08009bb1   Thumb Code    90  dfixu.o(x$fpl$dfixu)
    __aeabi_ui2d                             0x08009c0b   Thumb Code     0  dflt_clz.o(x$fpl$dfltu)
    _dfltu                                   0x08009c0b   Thumb Code    38  dflt_clz.o(x$fpl$dfltu)
    __aeabi_dmul                             0x08009c31   Thumb Code     0  dmul.o(x$fpl$dmul)
    _dmul                                    0x08009c31   Thumb Code   332  dmul.o(x$fpl$dmul)
    __fpl_dnaninf                            0x08009d85   Thumb Code   156  dnaninf.o(x$fpl$dnaninf)
    __fpl_dretinf                            0x08009e21   Thumb Code    12  dretinf.o(x$fpl$dretinf)
    __aeabi_f2d                              0x08009e2d   Thumb Code     0  f2d.o(x$fpl$f2d)
    _f2d                                     0x08009e2d   Thumb Code    86  f2d.o(x$fpl$f2d)
    __aeabi_fadd                             0x08009e85   Thumb Code     0  faddsub_clz.o(x$fpl$fadd)
    _fadd                                    0x08009e85   Thumb Code   196  faddsub_clz.o(x$fpl$fadd)
    __aeabi_f2uiz                            0x08009f49   Thumb Code     0  ffixu.o(x$fpl$ffixu)
    _ffixu                                   0x08009f49   Thumb Code    62  ffixu.o(x$fpl$ffixu)
    __aeabi_i2f                              0x08009f89   Thumb Code     0  fflt_clz.o(x$fpl$fflt)
    _fflt                                    0x08009f89   Thumb Code    48  fflt_clz.o(x$fpl$fflt)
    __aeabi_ui2f                             0x08009fb9   Thumb Code     0  fflt_clz.o(x$fpl$ffltu)
    _ffltu                                   0x08009fb9   Thumb Code    38  fflt_clz.o(x$fpl$ffltu)
    __aeabi_fmul                             0x08009fe1   Thumb Code     0  fmul.o(x$fpl$fmul)
    _fmul                                    0x08009fe1   Thumb Code   258  fmul.o(x$fpl$fmul)
    __fpl_fnaninf                            0x0800a0e3   Thumb Code   140  fnaninf.o(x$fpl$fnaninf)
    __fpl_fretinf                            0x0800a16f   Thumb Code    10  fretinf.o(x$fpl$fretinf)
    __aeabi_frsub                            0x0800a179   Thumb Code     0  faddsub_clz.o(x$fpl$frsb)
    _frsb                                    0x0800a179   Thumb Code    20  faddsub_clz.o(x$fpl$frsb)
    __aeabi_fsub                             0x0800a18d   Thumb Code     0  faddsub_clz.o(x$fpl$fsub)
    _fsub                                    0x0800a18d   Thumb Code   234  faddsub_clz.o(x$fpl$fsub)
    __I$use$fp                               0x0800a276   Number         0  usenofp.o(x$fpl$usenofp)
    asc2_1206                                0x0800a276   Data        1140  lcd.o(.constdata)
    asc2_1608                                0x0800a6ea   Data        1520  lcd.o(.constdata)
    asc2_2412                                0x0800acda   Data        3420  lcd.o(.constdata)
    table_week                               0x0800ba36   Data          12  rtc.o(.constdata)
    mon_table                                0x0800ba42   Data          12  rtc.o(.constdata)
    Region$$Table$$Base                      0x0800bb58   Number         0  anon$$obj.o(Region$$Table)
    Region$$Table$$Limit                     0x0800bb78   Number         0  anon$$obj.o(Region$$Table)
    SystemCoreClock                          0x20000000   Data           4  system_stm32f10x.o(.data)
    AHBPrescTable                            0x20000004   Data          16  system_stm32f10x.o(.data)
    POINT_COLOR                              0x20000014   Data           2  lcd.o(.data)
    BACK_COLOR                               0x20000016   Data           2  lcd.o(.data)
    __stdout                                 0x20000020   Data           4  usart.o(.data)
    USART_RX_STA                             0x20000024   Data           2  usart.o(.data)
    sys_cmd_tab                              0x2000003c   Data          28  usmart.o(.data)
    usmart_nametab                           0x20000058   Data          40  usmart_config.o(.data)
    usmart_dev                               0x20000080   Data         244  usmart_config.o(.data)
    lcddev                                   0x20000174   Data          14  lcd.o(.bss)
    calendar                                 0x20000182   Data          10  rtc.o(.bss)
    USART_RX_BUF                             0x2000018c   Data         200  usart.o(.bss)
    __libspace_start                         0x20000254   Data          96  libspace.o(.bss)
    __temporary_stack_top$libspace           0x200002b4   Data           0  libspace.o(.bss)



==============================================================================

Memory Map of the image

  Image Entry point : 0x08000131

  Load Region LR_IROM1 (Base: 0x08000000, Size: 0x0000bcec, Max: 0x00080000, ABSOLUTE, COMPRESSED[0x0000bbe4])

    Execution Region ER_IROM1 (Base: 0x08000000, Size: 0x0000bb78, Max: 0x00080000, ABSOLUTE)

    Base Addr    Size         Type   Attr      Idx    E Section Name        Object

    0x08000000   0x00000130   Data   RO          366    RESET               startup_stm32f10x_hd.o
    0x08000130   0x00000008   Code   RO          602  * !!!main             c_w.l(__main.o)
    0x08000138   0x00000034   Code   RO          820    !!!scatter          c_w.l(__scatter.o)
    0x0800016c   0x0000005a   Code   RO          818    !!dczerorl2         c_w.l(__dczerorl2.o)
    0x080001c6   0x00000002   PAD
    0x080001c8   0x0000001c   Code   RO          822    !!handler_zi        c_w.l(__scatter_zi.o)
    0x080001e4   0x00000000   Code   RO          599    .ARM.Collect$$_printf_percent$$00000000  c_w.l(_printf_percent.o)
    0x080001e4   0x00000006   Code   RO          597    .ARM.Collect$$_printf_percent$$00000009  c_w.l(_printf_d.o)
    0x080001ea   0x00000006   Code   RO          598    .ARM.Collect$$_printf_percent$$0000000A  c_w.l(_printf_u.o)
    0x080001f0   0x00000006   Code   RO          596    .ARM.Collect$$_printf_percent$$0000000C  c_w.l(_printf_x.o)
    0x080001f6   0x00000006   Code   RO          594    .ARM.Collect$$_printf_percent$$00000013  c_w.l(_printf_c.o)
    0x080001fc   0x00000006   Code   RO          595    .ARM.Collect$$_printf_percent$$00000014  c_w.l(_printf_s.o)
    0x08000202   0x00000004   Code   RO          651    .ARM.Collect$$_printf_percent$$00000017  c_w.l(_printf_percent_end.o)
    0x08000206   0x00000002   Code   RO          693    .ARM.Collect$$libinit$$00000000  c_w.l(libinit.o)
    0x08000208   0x00000000   Code   RO          700    .ARM.Collect$$libinit$$00000002  c_w.l(libinit2.o)
    0x08000208   0x00000000   Code   RO          702    .ARM.Collect$$libinit$$00000004  c_w.l(libinit2.o)
    0x08000208   0x00000000   Code   RO          705    .ARM.Collect$$libinit$$0000000A  c_w.l(libinit2.o)
    0x08000208   0x00000000   Code   RO          707    .ARM.Collect$$libinit$$0000000C  c_w.l(libinit2.o)
    0x08000208   0x00000000   Code   RO          709    .ARM.Collect$$libinit$$0000000E  c_w.l(libinit2.o)
    0x08000208   0x00000000   Code   RO          712    .ARM.Collect$$libinit$$00000011  c_w.l(libinit2.o)
    0x08000208   0x00000000   Code   RO          714    .ARM.Collect$$libinit$$00000013  c_w.l(libinit2.o)
    0x08000208   0x00000000   Code   RO          716    .ARM.Collect$$libinit$$00000015  c_w.l(libinit2.o)
    0x08000208   0x00000000   Code   RO          718    .ARM.Collect$$libinit$$00000017  c_w.l(libinit2.o)
    0x08000208   0x00000000   Code   RO          720    .ARM.Collect$$libinit$$00000019  c_w.l(libinit2.o)
    0x08000208   0x00000000   Code   RO          722    .ARM.Collect$$libinit$$0000001B  c_w.l(libinit2.o)
    0x08000208   0x00000000   Code   RO          724    .ARM.Collect$$libinit$$0000001D  c_w.l(libinit2.o)
    0x08000208   0x00000000   Code   RO          726    .ARM.Collect$$libinit$$0000001F  c_w.l(libinit2.o)
    0x08000208   0x00000000   Code   RO          728    .ARM.Collect$$libinit$$00000021  c_w.l(libinit2.o)
    0x08000208   0x00000000   Code   RO          730    .ARM.Collect$$libinit$$00000023  c_w.l(libinit2.o)
    0x08000208   0x00000000   Code   RO          732    .ARM.Collect$$libinit$$00000025  c_w.l(libinit2.o)
    0x08000208   0x00000000   Code   RO          736    .ARM.Collect$$libinit$$0000002C  c_w.l(libinit2.o)
    0x08000208   0x00000000   Code   RO          738    .ARM.Collect$$libinit$$0000002E  c_w.l(libinit2.o)
    0x08000208   0x00000000   Code   RO          740    .ARM.Collect$$libinit$$00000030  c_w.l(libinit2.o)
    0x08000208   0x00000000   Code   RO          742    .ARM.Collect$$libinit$$00000032  c_w.l(libinit2.o)
    0x08000208   0x00000002   Code   RO          743    .ARM.Collect$$libinit$$00000033  c_w.l(libinit2.o)
    0x0800020a   0x00000002   Code   RO          761    .ARM.Collect$$libshutdown$$00000000  c_w.l(libshutdown.o)
    0x0800020c   0x00000000   Code   RO          772    .ARM.Collect$$libshutdown$$00000003  c_w.l(libshutdown2.o)
    0x0800020c   0x00000000   Code   RO          775    .ARM.Collect$$libshutdown$$00000006  c_w.l(libshutdown2.o)
    0x0800020c   0x00000000   Code   RO          778    .ARM.Collect$$libshutdown$$00000009  c_w.l(libshutdown2.o)
    0x0800020c   0x00000000   Code   RO          780    .ARM.Collect$$libshutdown$$0000000B  c_w.l(libshutdown2.o)
    0x0800020c   0x00000000   Code   RO          783    .ARM.Collect$$libshutdown$$0000000E  c_w.l(libshutdown2.o)
    0x0800020c   0x00000002   Code   RO          784    .ARM.Collect$$libshutdown$$0000000F  c_w.l(libshutdown2.o)
    0x0800020e   0x00000000   Code   RO          644    .ARM.Collect$$rtentry$$00000000  c_w.l(__rtentry.o)
    0x0800020e   0x00000000   Code   RO          662    .ARM.Collect$$rtentry$$00000002  c_w.l(__rtentry2.o)
    0x0800020e   0x00000006   Code   RO          674    .ARM.Collect$$rtentry$$00000004  c_w.l(__rtentry4.o)
    0x08000214   0x00000000   Code   RO          664    .ARM.Collect$$rtentry$$00000009  c_w.l(__rtentry2.o)
    0x08000214   0x00000004   Code   RO          665    .ARM.Collect$$rtentry$$0000000A  c_w.l(__rtentry2.o)
    0x08000218   0x00000000   Code   RO          667    .ARM.Collect$$rtentry$$0000000C  c_w.l(__rtentry2.o)
    0x08000218   0x00000008   Code   RO          668    .ARM.Collect$$rtentry$$0000000D  c_w.l(__rtentry2.o)
    0x08000220   0x00000002   Code   RO          697    .ARM.Collect$$rtexit$$00000000  c_w.l(rtexit.o)
    0x08000222   0x00000000   Code   RO          745    .ARM.Collect$$rtexit$$00000002  c_w.l(rtexit2.o)
    0x08000222   0x00000004   Code   RO          746    .ARM.Collect$$rtexit$$00000003  c_w.l(rtexit2.o)
    0x08000226   0x00000006   Code   RO          747    .ARM.Collect$$rtexit$$00000004  c_w.l(rtexit2.o)
    0x0800022c   0x0000049c   Code   RO            1    .text               main.o
    0x080006c8   0x0000001a   Code   RO          145    .text               stm32f10x_it.o
    0x080006e2   0x00000002   PAD
    0x080006e4   0x000001e0   Code   RO          186    .text               system_stm32f10x.o
    0x080008c4   0x0000004c   Code   RO          204    .text               led.o
    0x08000910   0x00004a5c   Code   RO          229    .text               lcd.o
    0x0800536c   0x00000478   Code   RO          252    .text               rtc.o
    0x080057e4   0x000000f0   Code   RO          276    .text               adc.o
    0x080058d4   0x00000268   Code   RO          288    .text               ds18b20.o
    0x08005b3c   0x000000d4   Code   RO          300    .text               delay.o
    0x08005c10   0x00000140   Code   RO          331    .text               usart.o
    0x08005d50   0x00000040   Code   RO          367    .text               startup_stm32f10x_hd.o
    0x08005d90   0x000000dc   Code   RO          371    .text               misc.o
    0x08005e6c   0x000000c4   Code   RO          383    .text               stm32f10x_bkp.o
    0x08005f30   0x0000060c   Code   RO          395    .text               stm32f10x_fsmc.o
    0x0800653c   0x0000035c   Code   RO          407    .text               stm32f10x_gpio.o
    0x08006898   0x000000cc   Code   RO          419    .text               stm32f10x_pwr.o
    0x08006964   0x000003a4   Code   RO          431    .text               stm32f10x_rcc.o
    0x08006d08   0x00000408   Code   RO          445    .text               stm32f10x_usart.o
    0x08007110   0x00000148   Code   RO          457    .text               stm32f10x_rtc.o
    0x08007258   0x00000e1a   Code   RO          469    .text               stm32f10x_tim.o
    0x08008072   0x00000002   PAD
    0x08008074   0x0000044e   Code   RO          481    .text               stm32f10x_adc.o
    0x080084c2   0x00000002   PAD
    0x080084c4   0x00000c38   Code   RO          493    .text               usmart.o
    0x080090fc   0x00000528   Code   RO          525    .text               usmart_str.o
    0x08009624   0x00000002   Code   RO          539    .text               c_w.l(use_no_semi_2.o)
    0x08009626   0x00000002   PAD
    0x08009628   0x00000018   Code   RO          543    .text               c_w.l(noretval__2printf.o)
    0x08009640   0x0000004e   Code   RO          547    .text               c_w.l(_printf_pad.o)
    0x0800968e   0x00000052   Code   RO          549    .text               c_w.l(_printf_str.o)
    0x080096e0   0x00000078   Code   RO          551    .text               c_w.l(_printf_dec.o)
    0x08009758   0x00000058   Code   RO          556    .text               c_w.l(_printf_hex_int.o)
    0x080097b0   0x00000188   Code   RO          591    .text               c_w.l(__printf_flags_ss_wp.o)
    0x08009938   0x00000006   Code   RO          600    .text               c_w.l(heapauxi.o)
    0x0800993e   0x00000002   Code   RO          642    .text               c_w.l(use_no_semi.o)
    0x08009940   0x000000b2   Code   RO          645    .text               c_w.l(_printf_intcommon.o)
    0x080099f2   0x0000002c   Code   RO          647    .text               c_w.l(_printf_char.o)
    0x08009a1e   0x00000002   PAD
    0x08009a20   0x00000024   Code   RO          649    .text               c_w.l(_printf_char_file.o)
    0x08009a44   0x00000030   Code   RO          676    .text               c_w.l(_printf_char_common.o)
    0x08009a74   0x00000008   Code   RO          678    .text               c_w.l(ferror.o)
    0x08009a7c   0x0000004a   Code   RO          682    .text               c_w.l(sys_stackheap_outer.o)
    0x08009ac6   0x0000000c   Code   RO          686    .text               c_w.l(exit.o)
    0x08009ad2   0x00000002   PAD
    0x08009ad4   0x00000008   Code   RO          694    .text               c_w.l(libspace.o)
    0x08009adc   0x0000000e   Code   RO          584    i._is_digit         c_w.l(__printf_wp.o)
    0x08009aea   0x00000002   PAD
    0x08009aec   0x00000062   Code   RO          604    x$fpl$d2f           fz_ws.l(d2f.o)
    0x08009b4e   0x00000002   PAD
    0x08009b50   0x0000005e   Code   RO          606    x$fpl$dfix          fz_ws.l(dfix.o)
    0x08009bae   0x00000002   PAD
    0x08009bb0   0x0000005a   Code   RO          610    x$fpl$dfixu         fz_ws.l(dfixu.o)
    0x08009c0a   0x00000026   Code   RO          614    x$fpl$dfltu         fz_ws.l(dflt_clz.o)
    0x08009c30   0x00000154   Code   RO          620    x$fpl$dmul          fz_ws.l(dmul.o)
    0x08009d84   0x0000009c   Code   RO          652    x$fpl$dnaninf       fz_ws.l(dnaninf.o)
    0x08009e20   0x0000000c   Code   RO          654    x$fpl$dretinf       fz_ws.l(dretinf.o)
    0x08009e2c   0x00000056   Code   RO          622    x$fpl$f2d           fz_ws.l(f2d.o)
    0x08009e82   0x00000002   PAD
    0x08009e84   0x000000c4   Code   RO          624    x$fpl$fadd          fz_ws.l(faddsub_clz.o)
    0x08009f48   0x0000003e   Code   RO          630    x$fpl$ffixu         fz_ws.l(ffixu.o)
    0x08009f86   0x00000002   PAD
    0x08009f88   0x00000030   Code   RO          635    x$fpl$fflt          fz_ws.l(fflt_clz.o)
    0x08009fb8   0x00000026   Code   RO          634    x$fpl$ffltu         fz_ws.l(fflt_clz.o)
    0x08009fde   0x00000002   PAD
    0x08009fe0   0x00000102   Code   RO          640    x$fpl$fmul          fz_ws.l(fmul.o)
    0x0800a0e2   0x0000008c   Code   RO          656    x$fpl$fnaninf       fz_ws.l(fnaninf.o)
    0x0800a16e   0x0000000a   Code   RO          658    x$fpl$fretinf       fz_ws.l(fretinf.o)
    0x0800a178   0x00000014   Code   RO          625    x$fpl$frsb          fz_ws.l(faddsub_clz.o)
    0x0800a18c   0x000000ea   Code   RO          626    x$fpl$fsub          fz_ws.l(faddsub_clz.o)
    0x0800a276   0x00000000   Code   RO          660    x$fpl$usenofp       fz_ws.l(usenofp.o)
    0x0800a276   0x000017c0   Data   RO          231    .constdata          lcd.o
    0x0800ba36   0x00000018   Data   RO          254    .constdata          rtc.o
    0x0800ba4e   0x00000028   Data   RO          557    .constdata          c_w.l(_printf_hex_int.o)
    0x0800ba76   0x00000011   Data   RO          592    .constdata          c_w.l(__printf_flags_ss_wp.o)
    0x0800ba87   0x00000001   PAD
    0x0800ba88   0x00000028   Data   RO          494    .conststring        usmart.o
    0x0800bab0   0x000000a7   Data   RO          509    .conststring        usmart_config.o
    0x0800bb57   0x00000001   PAD
    0x0800bb58   0x00000020   Data   RO          816    Region$$Table       anon$$obj.o


    Execution Region RW_IRAM1 (Base: 0x20000000, Size: 0x000008b8, Max: 0x00010000, ABSOLUTE, COMPRESSED[0x0000006c])

    Base Addr    Size         Type   Attr      Idx    E Section Name        Object

    0x20000000   0x00000014   Data   RW          187    .data               system_stm32f10x.o
    0x20000014   0x00000004   Data   RW          232    .data               lcd.o
    0x20000018   0x00000002   Data   RW          255    .data               rtc.o
    0x2000001a   0x00000004   Data   RW          301    .data               delay.o
    0x2000001e   0x00000002   PAD
    0x20000020   0x00000006   Data   RW          333    .data               usart.o
    0x20000026   0x00000014   Data   RW          432    .data               stm32f10x_rcc.o
    0x2000003a   0x00000002   PAD
    0x2000003c   0x0000001c   Data   RW          495    .data               usmart.o
    0x20000058   0x0000011c   Data   RW          510    .data               usmart_config.o
    0x20000174   0x0000000e   Zero   RW          230    .bss                lcd.o
    0x20000182   0x0000000a   Zero   RW          253    .bss                rtc.o
    0x2000018c   0x000000c8   Zero   RW          332    .bss                usart.o
    0x20000254   0x00000060   Zero   RW          695    .bss                c_w.l(libspace.o)
    0x200002b4   0x00000004   PAD
    0x200002b8   0x00000200   Zero   RW          365    HEAP                startup_stm32f10x_hd.o
    0x200004b8   0x00000400   Zero   RW          364    STACK               startup_stm32f10x_hd.o


==============================================================================

Image component sizes


      Code (inc. data)   RO Data    RW Data    ZI Data      Debug   Object Name

       240          8          0          0          0       1227   adc.o
       212         18          0          4          0       1011   delay.o
       616         16          0          0          0       2202   ds18b20.o
     19036        162       6080          4         14      21622   lcd.o
        76          8          0          0          0        491   led.o
      1180        268          0          0          0     270587   main.o
       220         22          0          0          0       1789   misc.o
      1144         62         24          2         10       4222   rtc.o
        64         26        304          0       1536        792   startup_stm32f10x_hd.o
      1102         26          0          0          0      10825   stm32f10x_adc.o
       196          8          0          0          0       3452   stm32f10x_bkp.o
      1548         18          0          0          0       5335   stm32f10x_fsmc.o
       860         38          0          0          0       5633   stm32f10x_gpio.o
        26          0          0          0          0       1174   stm32f10x_it.o
       204         14          0          0          0       1911   stm32f10x_pwr.o
       932         36          0         20          0       8800   stm32f10x_rcc.o
       328          4          0          0          0       2662   stm32f10x_rtc.o
      3610         88          0          0          0      22120   stm32f10x_tim.o
      1032         22          0          0          0       8360   stm32f10x_usart.o
         0          0          0          0          0         32   sys.o
       480         38          0         20          0       1719   system_stm32f10x.o
       320         16          0          6        200       3134   usart.o
      3128       1288         40         28          0       4298   usmart.o
         0          0        167        284          0       1616   usmart_config.o
      1320         12          0          0          0       5041   usmart_str.o

    ----------------------------------------------------------------------
     37880       2198       6648        372       1760     390055   Object Totals
         0          0         32          0          0          0   (incl. Generated)
         6          0          1          4          0          0   (incl. Padding)

    ----------------------------------------------------------------------

      Code (inc. data)   RO Data    RW Data    ZI Data      Debug   Library Member Name

        90          0          0          0          0          0   __dczerorl2.o
         8          0          0          0          0         68   __main.o
       392          4         17          0          0         92   __printf_flags_ss_wp.o
        14          0          0          0          0         68   __printf_wp.o
         0          0          0          0          0          0   __rtentry.o
        12          0          0          0          0          0   __rtentry2.o
         6          0          0          0          0          0   __rtentry4.o
        52          8          0          0          0          0   __scatter.o
        28          0          0          0          0          0   __scatter_zi.o
         6          0          0          0          0          0   _printf_c.o
        44          0          0          0          0        108   _printf_char.o
        48          6          0          0          0         96   _printf_char_common.o
        36          4          0          0          0         80   _printf_char_file.o
         6          0          0          0          0          0   _printf_d.o
       120         16          0          0          0         92   _printf_dec.o
        88          4         40          0          0         88   _printf_hex_int.o
       178          0          0          0          0         88   _printf_intcommon.o
        78          0          0          0          0        108   _printf_pad.o
         0          0          0          0          0          0   _printf_percent.o
         4          0          0          0          0          0   _printf_percent_end.o
         6          0          0          0          0          0   _printf_s.o
        82          0          0          0          0         80   _printf_str.o
         6          0          0          0          0          0   _printf_u.o
         6          0          0          0          0          0   _printf_x.o
        12          0          0          0          0         72   exit.o
         8          0          0          0          0         68   ferror.o
         6          0          0          0          0        152   heapauxi.o
         2          0          0          0          0          0   libinit.o
         2          0          0          0          0          0   libinit2.o
         2          0          0          0          0          0   libshutdown.o
         2          0          0          0          0          0   libshutdown2.o
         8          4          0          0         96         68   libspace.o
        24          4          0          0          0         84   noretval__2printf.o
         2          0          0          0          0          0   rtexit.o
        10          0          0          0          0          0   rtexit2.o
        74          0          0          0          0         80   sys_stackheap_outer.o
         2          0          0          0          0         68   use_no_semi.o
         2          0          0          0          0         68   use_no_semi_2.o
        98          4          0          0          0         92   d2f.o
        94          4          0          0          0         92   dfix.o
        90          4          0          0          0         92   dfixu.o
        38          0          0          0          0         68   dflt_clz.o
       340         12          0          0          0        104   dmul.o
       156          4          0          0          0         92   dnaninf.o
        12          0          0          0          0         68   dretinf.o
        86          4          0          0          0         84   f2d.o
       450          8          0          0          0        236   faddsub_clz.o
        62          4          0          0          0         84   ffixu.o
        86          0          0          0          0        136   fflt_clz.o
       258          4          0          0          0         84   fmul.o
       140          4          0          0          0         84   fnaninf.o
        10          0          0          0          0         68   fretinf.o
         0          0          0          0          0          0   usenofp.o

    ----------------------------------------------------------------------
      3406        102         58          0        100       3012   Library Totals
        20          0          1          0          4          0   (incl. Padding)

    ----------------------------------------------------------------------

      Code (inc. data)   RO Data    RW Data    ZI Data      Debug   Library Name

      1466         50         57          0         96       1628   c_w.l
      1920         52          0          0          0       1384   fz_ws.l

    ----------------------------------------------------------------------
      3406        102         58          0        100       3012   Library Totals

    ----------------------------------------------------------------------

==============================================================================


      Code (inc. data)   RO Data    RW Data    ZI Data      Debug   

     41286       2300       6706        372       1860     388903   Grand Totals
     41286       2300       6706        108       1860     388903   ELF Image Totals (compressed)
     41286       2300       6706        108          0          0   ROM Totals

==============================================================================

    Total RO  Size (Code + RO Data)                47992 (  46.87kB)
    Total RW  Size (RW Data + ZI Data)              2232 (   2.18kB)
    Total ROM Size (Code + RO Data + RW Data)      48100 (  46.97kB)

==============================================================================

